Component: ARM Compiler 5.05 update 1 (build 106) Tool: armlink [4d0efa]

==============================================================================

Section Cross References

    main.o(.text) refers to w25qxx.o(.text) for W25QXX_Init
    main.o(.text) refers to malloc.o(.text) for my_mem_init
    main.o(.text) refers to exfuns.o(.text) for exfuns_init
    main.o(.text) refers to ff.o(.text) for f_mount
    main.o(.text) refers to misc.o(.text) for NVIC_PriorityGroupConfig
    main.o(.text) refers to usart.o(.text) for uart_init
    main.o(.text) refers to led.o(.text) for LED_Init
    main.o(.text) refers to key.o(.text) for KEY_Init
    main.o(.text) refers to beep.o(.text) for BEEP_Init
    main.o(.text) refers to delay.o(.text) for delay_init
    main.o(.text) refers to lcd.o(.text) for LCD_Init
    main.o(.text) refers to timer.o(.text) for TIM3_Int_Init
    main.o(.text) refers to fontupd.o(.text) for font_init
    main.o(.text) refers to sdio_sdcard.o(.text) for SD_Init
    main.o(.text) refers to text.o(.text) for Show_Str
    main.o(.text) refers to exfuns.o(.data) for fs
    system_stm32f10x.o(.text) refers to system_stm32f10x.o(.data) for SystemCoreClock
    led.o(.text) refers to stm32f10x_rcc.o(.text) for RCC_APB2PeriphClockCmd
    led.o(.text) refers to stm32f10x_gpio.o(.text) for GPIO_Init
    lcd.o(.text) refers to _printf_percent.o(.ARM.Collect$$_printf_percent$$00000000) for _printf_percent
    lcd.o(.text) refers to _printf_x.o(.ARM.Collect$$_printf_percent$$0000000C) for _printf_x
    lcd.o(.text) refers to _printf_hex_int.o(.text) for _printf_longlong_hex
    lcd.o(.text) refers to delay.o(.text) for delay_us
    lcd.o(.text) refers to lcd.o(.bss) for lcddev
    lcd.o(.text) refers to lcd.o(.data) for POINT_COLOR
    lcd.o(.text) refers to dflt_clz.o(x$fpl$dfltu) for __aeabi_ui2d
    lcd.o(.text) refers to dmul.o(x$fpl$dmul) for __aeabi_dmul
    lcd.o(.text) refers to dfixu.o(x$fpl$dfixu) for __aeabi_d2uiz
    lcd.o(.text) refers to stm32f10x_rcc.o(.text) for RCC_AHBPeriphClockCmd
    lcd.o(.text) refers to stm32f10x_gpio.o(.text) for GPIO_Init
    lcd.o(.text) refers to stm32f10x_fsmc.o(.text) for FSMC_NORSRAMInit
    lcd.o(.text) refers to noretval__2printf.o(.text) for __2printf
    lcd.o(.text) refers to lcd.o(.constdata) for asc2_1206
    key.o(.text) refers to stm32f10x_rcc.o(.text) for RCC_APB2PeriphClockCmd
    key.o(.text) refers to stm32f10x_gpio.o(.text) for GPIO_Init
    key.o(.text) refers to clock_fuction.o(.text) for MODE_SWITCH
    key.o(.text) refers to watch_fuction.o(.text) for power_switch
    key.o(.text) refers to key.o(.data) for WKUP_STATE
    key.o(.text) refers to watch_fuction.o(.data) for lock
    key.o(.text) refers to main.o(.data) for MODE
    key.o(.text) refers to clock_fuction.o(.data) for Clock_State
    spi.o(.text) refers to stm32f10x_spi.o(.text) for SPI_I2S_GetFlagStatus
    spi.o(.text) refers to stm32f10x_rcc.o(.text) for RCC_APB2PeriphClockCmd
    spi.o(.text) refers to stm32f10x_gpio.o(.text) for GPIO_Init
    timer.o(.text) refers to stm32f10x_rcc.o(.text) for RCC_APB1PeriphClockCmd
    timer.o(.text) refers to stm32f10x_tim.o(.text) for TIM_TimeBaseInit
    timer.o(.text) refers to misc.o(.text) for NVIC_Init
    timer.o(.text) refers to clock_fuction.o(.text) for Sec_Plus
    timer.o(.text) refers to watch_fuction.o(.text) for timer_count
    timer.o(.text) refers to display.o(.text) for Display_Scan
    timer.o(.text) refers to key.o(.text) for KEY_Scan
    timer.o(.text) refers to beep.o(.data) for beep_count
    timer.o(.text) refers to watch_fuction.o(.data) for power_count
    beep.o(.text) refers to stm32f10x_rcc.o(.text) for RCC_APB2PeriphClockCmd
    beep.o(.text) refers to stm32f10x_gpio.o(.text) for GPIO_Init
    beep.o(.text) refers to beep.o(.data) for beep_count
    clock_fuction.o(.text) refers to beep.o(.text) for beep_short
    clock_fuction.o(.text) refers to lcd.o(.text) for LCD_Clear
    clock_fuction.o(.text) refers to text.o(.text) for Show_Str
    clock_fuction.o(.text) refers to stm32f10x_tim.o(.text) for TIM_ITConfig
    clock_fuction.o(.text) refers to main.o(.data) for MODE
    clock_fuction.o(.text) refers to display.o(.data) for h
    clock_fuction.o(.text) refers to clock_fuction.o(.data) for TWINKBIT
    display.o(.text) refers to tools.o(.text) for Num2Char_2bits
    display.o(.text) refers to lcd.o(.text) for LCD_ShowString
    display.o(.text) refers to watch_fuction.o(.text) for change_timer_words_position
    display.o(.text) refers to text.o(.text) for Show_Str
    display.o(.text) refers to display.o(.data) for h_string
    display.o(.text) refers to watch_fuction.o(.data) for timer_minutes
    display.o(.text) refers to main.o(.data) for MODE
    display.o(.text) refers to clock_fuction.o(.data) for Clock_State
    exti.o(.text) refers to key.o(.text) for KEY_Init
    exti.o(.text) refers to stm32f10x_rcc.o(.text) for RCC_APB2PeriphClockCmd
[...]
    __scatterload_rt2_thumb_only             0x08000139   Thumb Code     0  __scatter.o(!!!scatter)
    __scatterload_null                       0x08000147   Thumb Code     0  __scatter.o(!!!scatter)
    __scatterload_copy                       0x0800016d   Thumb Code    26  __scatter_copy.o(!!handler_copy)
    __scatterload_zeroinit                   0x08000189   Thumb Code    28  __scatter_zi.o(!!handler_zi)
    _printf_percent                          0x080001a5   Thumb Code     0  _printf_percent.o(.ARM.Collect$$_printf_percent$$00000000)
    _printf_x                                0x080001a5   Thumb Code     0  _printf_x.o(.ARM.Collect$$_printf_percent$$0000000C)
    _printf_percent_end                      0x080001ab   Thumb Code     0  _printf_percent_end.o(.ARM.Collect$$_printf_percent$$00000017)
    __rt_lib_init                            0x080001af   Thumb Code     0  libinit.o(.ARM.Collect$$libinit$$00000000)
    __rt_lib_init_alloca_1                   0x080001b1   Thumb Code     0  libinit2.o(.ARM.Collect$$libinit$$0000002E)
    __rt_lib_init_argv_1                     0x080001b1   Thumb Code     0  libinit2.o(.ARM.Collect$$libinit$$0000002C)
    __rt_lib_init_atexit_1                   0x080001b1   Thumb Code     0  libinit2.o(.ARM.Collect$$libinit$$0000001B)
    __rt_lib_init_clock_1                    0x080001b1   Thumb Code     0  libinit2.o(.ARM.Collect$$libinit$$00000021)
    __rt_lib_init_cpp_1                      0x080001b1   Thumb Code     0  libinit2.o(.ARM.Collect$$libinit$$00000032)
    __rt_lib_init_exceptions_1               0x080001b1   Thumb Code     0  libinit2.o(.ARM.Collect$$libinit$$00000030)
    __rt_lib_init_fp_1                       0x080001b1   Thumb Code     0  libinit2.o(.ARM.Collect$$libinit$$00000002)
    __rt_lib_init_fp_trap_1                  0x080001b1   Thumb Code     0  libinit2.o(.ARM.Collect$$libinit$$0000001F)
    __rt_lib_init_getenv_1                   0x080001b1   Thumb Code     0  libinit2.o(.ARM.Collect$$libinit$$00000023)
    __rt_lib_init_heap_1                     0x080001b1   Thumb Code     0  libinit2.o(.ARM.Collect$$libinit$$0000000A)
    __rt_lib_init_lc_collate_1               0x080001b1   Thumb Code     0  libinit2.o(.ARM.Collect$$libinit$$00000011)
    __rt_lib_init_lc_ctype_1                 0x080001b1   Thumb Code     0  libinit2.o(.ARM.Collect$$libinit$$00000013)
    __rt_lib_init_lc_monetary_1              0x080001b1   Thumb Code     0  libinit2.o(.ARM.Collect$$libinit$$00000015)
    __rt_lib_init_lc_numeric_1               0x080001b1   Thumb Code     0  libinit2.o(.ARM.Collect$$libinit$$00000017)
    __rt_lib_init_lc_time_1                  0x080001b1   Thumb Code     0  libinit2.o(.ARM.Collect$$libinit$$00000019)
    __rt_lib_init_preinit_1                  0x080001b1   Thumb Code     0  libinit2.o(.ARM.Collect$$libinit$$00000004)
    __rt_lib_init_rand_1                     0x080001b1   Thumb Code     0  libinit2.o(.ARM.Collect$$libinit$$0000000E)
    __rt_lib_init_return                     0x080001b1   Thumb Code     0  libinit2.o(.ARM.Collect$$libinit$$00000033)
    __rt_lib_init_signal_1                   0x080001b1   Thumb Code     0  libinit2.o(.ARM.Collect$$libinit$$0000001D)
    __rt_lib_init_stdio_1                    0x080001b1   Thumb Code     0  libinit2.o(.ARM.Collect$$libinit$$00000025)
    __rt_lib_init_user_alloc_1               0x080001b1   Thumb Code     0  libinit2.o(.ARM.Collect$$libinit$$0000000C)
    __rt_lib_shutdown                        0x080001b3   Thumb Code     0  libshutdown.o(.ARM.Collect$$libshutdown$$00000000)
    __rt_lib_shutdown_fp_trap_1              0x080001b5   Thumb Code     0  libshutdown2.o(.ARM.Collect$$libshutdown$$00000006)
    __rt_lib_shutdown_heap_1                 0x080001b5   Thumb Code     0  libshutdown2.o(.ARM.Collect$$libshutdown$$0000000E)
    __rt_lib_shutdown_return                 0x080001b5   Thumb Code     0  libshutdown2.o(.ARM.Collect$$libshutdown$$0000000F)
    __rt_lib_shutdown_signal_1               0x080001b5   Thumb Code     0  libshutdown2.o(.ARM.Collect$$libshutdown$$00000009)
    __rt_lib_shutdown_stdio_1                0x080001b5   Thumb Code     0  libshutdown2.o(.ARM.Collect$$libshutdown$$00000003)
    __rt_lib_shutdown_user_alloc_1           0x080001b5   Thumb Code     0  libshutdown2.o(.ARM.Collect$$libshutdown$$0000000B)
    __rt_entry                               0x080001b7   Thumb Code     0  __rtentry.o(.ARM.Collect$$rtentry$$00000000)
    __rt_entry_presh_1                       0x080001b7   Thumb Code     0  __rtentry2.o(.ARM.Collect$$rtentry$$00000002)
    __rt_entry_sh                            0x080001b7   Thumb Code     0  __rtentry4.o(.ARM.Collect$$rtentry$$00000004)
    __rt_entry_li                            0x080001bd   Thumb Code     0  __rtentry2.o(.ARM.Collect$$rtentry$$0000000A)
    __rt_entry_postsh_1                      0x080001bd   Thumb Code     0  __rtentry2.o(.ARM.Collect$$rtentry$$00000009)
    __rt_entry_main                          0x080001c1   Thumb Code     0  __rtentry2.o(.ARM.Collect$$rtentry$$0000000D)
    __rt_entry_postli_1                      0x080001c1   Thumb Code     0  __rtentry2.o(.ARM.Collect$$rtentry$$0000000C)
    __rt_exit                                0x080001c9   Thumb Code     0  rtexit.o(.ARM.Collect$$rtexit$$00000000)
    __rt_exit_ls                             0x080001cb   Thumb Code     0  rtexit2.o(.ARM.Collect$$rtexit$$00000003)
    __rt_exit_prels_1                        0x080001cb   Thumb Code     0  rtexit2.o(.ARM.Collect$$rtexit$$00000002)
    __rt_exit_exit                           0x080001cf   Thumb Code     0  rtexit2.o(.ARM.Collect$$rtexit$$00000004)
    main                                     0x080001d5   Thumb Code   218  main.o(.text)
    NMI_Handler                              0x080002d5   Thumb Code     2  stm32f10x_it.o(.text)
    HardFault_Handler                        0x080002d7   Thumb Code     4  stm32f10x_it.o(.text)
    MemManage_Handler                        0x080002db   Thumb Code     4  stm32f10x_it.o(.text)
    BusFault_Handler                         0x080002df   Thumb Code     4  stm32f10x_it.o(.text)
    UsageFault_Handler                       0x080002e3   Thumb Code     4  stm32f10x_it.o(.text)
    SVC_Handler                              0x080002e7   Thumb Code     2  stm32f10x_it.o(.text)
    DebugMon_Handler                         0x080002e9   Thumb Code     2  stm32f10x_it.o(.text)
    PendSV_Handler                           0x080002eb   Thumb Code     2  stm32f10x_it.o(.text)
    SysTick_Handler                          0x080002ed   Thumb Code     2  stm32f10x_it.o(.text)
    SystemInit                               0x080003cf   Thumb Code    78  system_stm32f10x.o(.text)
    SystemCoreClockUpdate                    0x0800041d   Thumb Code   142  system_stm32f10x.o(.text)
    LED_Init                                 0x080004d1   Thumb Code    68  led.o(.text)
    LCD_WR_REG                               0x0800051d   Thumb Code     6  lcd.o(.text)
    LCD_WR_DATA                              0x08000523   Thumb Code     8  lcd.o(.text)
    LCD_RD_DATA                              0x0800052b   Thumb Code    16  lcd.o(.text)
    LCD_WriteReg                             0x0800053b   Thumb Code    10  lcd.o(.text)
    LCD_ReadReg                              0x08000545   Thumb Code    22  lcd.o(.text)
    LCD_WriteRAM_Prepare                     0x0800055b   Thumb Code    10  lcd.o(.text)
    LCD_WriteRAM                             0x08000565   Thumb Code     8  lcd.o(.text)
    LCD_BGR2RGB                              0x0800056d   Thumb Code    26  lcd.o(.text)
    opt_delay                                0x08000587   Thumb Code    14  lcd.o(.text)
    LCD_SetCursor                            0x08000595   Thumb Code   418  lcd.o(.text)
    LCD_ReadPoint                            0x08000737   Thumb Code   360  lcd.o(.text)
    LCD_DisplayOn                            0x0800089f   Thumb Code   102  lcd.o(.text)
    LCD_DisplayOff                           0x08000905   Thumb Code    90  lcd.o(.text)
    LCD_Scan_Dir                             0x0800095f   Thumb Code   744  lcd.o(.text)
    LCD_DrawPoint                            0x08000c47   Thumb Code    28  lcd.o(.text)
    LCD_Fast_DrawPoint                       0x08000c63   Thumb Code   384  lcd.o(.text)
    LCD_SSD_BackLightSet                     0x08000de3   Thumb Code    80  lcd.o(.text)
    LCD_Display_Dir                          0x08000e33   Thumb Code   444  lcd.o(.text)
    LCD_Set_Window                           0x08000fef   Thumb Code   540  lcd.o(.text)
    LCD_Clear                                0x0800120b   Thumb Code   100  lcd.o(.text)
    LCD_Init                                 0x0800126f   Thumb Code 14184  lcd.o(.text)
    LCD_Fill                                 0x080049d7   Thumb Code   178  lcd.o(.text)
    LCD_Color_Fill                           0x08004a89   Thumb Code   106  lcd.o(.text)
    LCD_DrawLine                             0x08004af3   Thumb Code   176  lcd.o(.text)
    LCD_DrawRectangle                        0x08004ba3   Thumb Code    60  lcd.o(.text)
    LCD_Draw_Circle                          0x08004bdf   Thumb Code   152  lcd.o(.text)
    LCD_ShowChar                             0x08004c77   Thumb Code   272  lcd.o(.text)
    LCD_Pow                                  0x08004d87   Thumb Code    22  lcd.o(.text)
    LCD_ShowNum                              0x08004d9d   Thumb Code   148  lcd.o(.text)
    LCD_ShowxNum                             0x08004e31   Thumb Code   220  lcd.o(.text)
    LCD_ShowString                           0x08004f0d   Thumb Code   102  lcd.o(.text)
    KEY_Init                                 0x08004f75   Thumb Code    52  key.o(.text)
    KEY_Scan                                 0x08004fa9   Thumb Code   532  key.o(.text)
    SPI2_ReadWriteByte                       0x080051dd   Thumb Code    78  spi.o(.text)
    SPI2_Init                                0x0800522b   Thumb Code   140  spi.o(.text)
    SPI2_SetSpeed                            0x080052b7   Thumb Code    36  spi.o(.text)
    TIM3_Int_Init                            0x080052e5   Thumb Code    90  timer.o(.text)
    TIM4_Int_Init                            0x0800533f   Thumb Code    90  timer.o(.text)
    TIM5_Int_Init                            0x08005399   Thumb Code    90  timer.o(.text)
    TIM6_Int_Init                            0x080053f3   Thumb Code    90  timer.o(.text)
    TIM3_IRQHandler                          0x0800544d   Thumb Code    26  timer.o(.text)
    TIM4_IRQHandler                          0x08005467   Thumb Code    26  timer.o(.text)
    TIM5_IRQHandler                          0x08005481   Thumb Code    26  timer.o(.text)
    TIM6_IRQHandler                          0x0800549b   Thumb Code   126  timer.o(.text)
    BEEP_Init                                0x0800553d   Thumb Code    50  beep.o(.text)
    beep_short                               0x0800556f   Thumb Code    18  beep.o(.text)
    beep_long                                0x08005581   Thumb Code    20  beep.o(.text)
    IntPower                                 0x080055a5   Thumb Code    16  tools.o(.text)
    Num2Char_1bit                            0x080055b5   Thumb Code    12  tools.o(.text)
    Num2Char_2bits                           0x080055c1   Thumb Code    72  tools.o(.text)
    Num2Char_3bits                           0x08005609   Thumb Code   112  tools.o(.text)
    MODE_SWITCH                              0x08005679   Thumb Code   300  clock_fuction.o(.text)
    Clock_Run                                0x080057a5   Thumb Code    14  clock_fuction.o(.text)
    Clock_Stop                               0x080057b3   Thumb Code    14  clock_fuction.o(.text)
    Clock_Reset                              0x080057c1   Thumb Code    16  clock_fuction.o(.text)
    Choose_Bit                               0x080057d1   Thumb Code    24  clock_fuction.o(.text)
    Debug_Clock                              0x080057e9   Thumb Code    18  clock_fuction.o(.text)
    Run_Clock                                0x080057fb   Thumb Code    14  clock_fuction.o(.text)
    Be_Chose_Plus                            0x08005809   Thumb Code   100  clock_fuction.o(.text)
    Sec_Plus                                 0x0800586d   Thumb Code   140  clock_fuction.o(.text)
    Get_Char                                 0x08005949   Thumb Code    40  display.o(.text)
    Get_Timer_Char                           0x08005971   Thumb Code    28  display.o(.text)
    Display_Scan                             0x0800598d   Thumb Code   528  display.o(.text)
    EXTIX_Init                               0x08005c11   Thumb Code   176  exti.o(.text)
    EXTI0_IRQHandler                         0x08005cc1   Thumb Code    44  exti.o(.text)
    EXTI3_IRQHandler                         0x08005ced   Thumb Code    42  exti.o(.text)
    EXTI4_IRQHandler                         0x08005d17   Thumb Code    64  exti.o(.text)
    check_test_state                         0x08005d6d   Thumb Code   260  watch_fuction.o(.text)
    timer_count                              0x08005e71   Thumb Code   168  watch_fuction.o(.text)
    timer_stop                               0x08005f19   Thumb Code    20  watch_fuction.o(.text)
    timer_start                              0x08005f2d   Thumb Code    20  watch_fuction.o(.text)
    timer_switch                             0x08005f41   Thumb Code    20  watch_fuction.o(.text)
    timer_reset                              0x08005f55   Thumb Code    70  watch_fuction.o(.text)
    order_mode_switch                        0x08005f9b   Thumb Code    74  watch_fuction.o(.text)
    display_mode_change                      0x08005fe5   Thumb Code    54  watch_fuction.o(.text)
    power_off                                0x0800601b   Thumb Code    34  watch_fuction.o(.text)
    power_on                                 0x0800603d   Thumb Code    16  watch_fuction.o(.text)
    power_switch                             0x0800604d   Thumb Code   104  watch_fuction.o(.text)
    change_timer_words_position              0x080060b5   Thumb Code   292  watch_fuction.o(.text)
    W25QXX_ReadID                            0x080061d9   Thumb Code    64  w25qxx.o(.text)
    W25QXX_Init                              0x08006219   Thumb Code    74  w25qxx.o(.text)
    W25QXX_ReadSR                            0x08006263   Thumb Code    36  w25qxx.o(.text)
    W25QXX_Write_SR                          0x08006287   Thumb Code    32  w25qxx.o(.text)
    W25QXX_Write_Enable                      0x080062a7   Thumb Code    24  w25qxx.o(.text)
    W25QXX_Write_Disable                     0x080062bf   Thumb Code    24  w25qxx.o(.text)
    W25QXX_Read                              0x080062d7   Thumb Code    74  w25qxx.o(.text)
    W25QXX_Wait_Busy                         0x08006321   Thumb Code    18  w25qxx.o(.text)
    W25QXX_Write_Page                        0x08006333   Thumb Code    80  w25qxx.o(.text)
    W25QXX_Write_NoCheck                     0x08006383   Thumb Code    70  w25qxx.o(.text)
    W25QXX_Erase_Sector                      0x080063c9   Thumb Code    70  w25qxx.o(.text)
    W25QXX_Write                             0x0800640f   Thumb Code   180  w25qxx.o(.text)
    W25QXX_Erase_Chip                        0x080064c3   Thumb Code    36  w25qxx.o(.text)
    W25QXX_PowerDown                         0x080064e7   Thumb Code    30  w25qxx.o(.text)
    W25QXX_WAKEUP                            0x08006505   Thumb Code    30  w25qxx.o(.text)
    SD_SetDeviceMode                         0x08006541   Thumb Code    20  sdio_sdcard.o(.text)
    SDIO_Clock_Set                           0x08006555   Thumb Code    16  sdio_sdcard.o(.text)
    CmdResp1Error                            0x08006565   Thumb Code    90  sdio_sdcard.o(.text)
    FindSCR                                  0x080065bf   Thumb Code   386  sdio_sdcard.o(.text)
    SDEnWideBus                              0x08006741   Thumb Code   158  sdio_sdcard.o(.text)
    SD_EnableWideBusOperation                0x080067df   Thumb Code    94  sdio_sdcard.o(.text)
    SD_SelectDeselect                        0x0800683d   Thumb Code    42  sdio_sdcard.o(.text)
    SD_GetCardInfo                           0x08006867   Thumb Code   802  sdio_sdcard.o(.text)
    CmdResp2Error                            0x08006b89   Thumb Code    80  sdio_sdcard.o(.text)
    CmdResp6Error                            0x08006bd9   Thumb Code   140  sdio_sdcard.o(.text)
    SD_InitializeCards                       0x08006c65   Thumb Code   336  sdio_sdcard.o(.text)
    CmdResp3Error                            0x08006db5   Thumb Code    50  sdio_sdcard.o(.text)
    CmdResp7Error                            0x08006de7   Thumb Code    70  sdio_sdcard.o(.text)
    CmdError                                 0x08006e2d   Thumb Code    48  sdio_sdcard.o(.text)
    SD_PowerON                               0x08006e5d   Thumb Code   450  sdio_sdcard.o(.text)
    SD_Init                                  0x0800701f   Thumb Code   238  sdio_sdcard.o(.text)
    SD_PowerOFF                              0x0800710d   Thumb Code    12  sdio_sdcard.o(.text)
    SD_DMA_Config                            0x08007119   Thumb Code   146  sdio_sdcard.o(.text)
    convert_from_bytes_to_power_of_two       0x080071ab   Thumb Code    18  sdio_sdcard.o(.text)
    SD_ReadBlock                             0x080071bd   Thumb Code   560  sdio_sdcard.o(.text)
    SD_ReadMultiBlocks                       0x080073ed   Thumb Code   742  sdio_sdcard.o(.text)
    IsCardProgramming                        0x080076d3   Thumb Code   142  sdio_sdcard.o(.text)
    SD_WriteBlock                            0x08007761   Thumb Code   888  sdio_sdcard.o(.text)
    SD_WriteMultiBlocks                      0x08007ad9   Thumb Code   962  sdio_sdcard.o(.text)
    SD_ProcessIRQSrc                         0x08007e9b   Thumb Code   294  sdio_sdcard.o(.text)
    SDIO_IRQHandler                          0x08007fc1   Thumb Code     8  sdio_sdcard.o(.text)
    SD_SendStatus                            0x08007fc9   Thumb Code    72  sdio_sdcard.o(.text)
    SD_GetState                              0x08008011   Thumb Code    26  sdio_sdcard.o(.text)
    SD_ReadDisk                              0x0800802b   Thumb Code   148  sdio_sdcard.o(.text)
    SD_WriteDisk                             0x080080bf   Thumb Code   148  sdio_sdcard.o(.text)
    delay_init                               0x08008171   Thumb Code    50  delay.o(.text)
    delay_us                                 0x080081a3   Thumb Code    72  delay.o(.text)
    delay_ms                                 0x080081eb   Thumb Code    72  delay.o(.text)
    WFI_SET                                  0x08008245   Thumb Code     4  sys.o(.text)
    INTX_DISABLE                             0x08008249   Thumb Code     4  sys.o(.text)
    INTX_ENABLE                              0x0800824d   Thumb Code     4  sys.o(.text)
    _sys_exit                                0x08008251   Thumb Code     6  usart.o(.text)
    fputc                                    0x08008257   Thumb Code    24  usart.o(.text)
    uart_init                                0x0800826f   Thumb Code   152  usart.o(.text)
    USART1_IRQHandler                        0x08008307   Thumb Code   122  usart.o(.text)
    Reset_Handler                            0x08008391   Thumb Code     8  startup_stm32f10x_hd.o(.text)
    ADC1_2_IRQHandler                        0x080083ab   Thumb Code     0  startup_stm32f10x_hd.o(.text)
    ADC3_IRQHandler                          0x080083ab   Thumb Code     0  startup_stm32f10x_hd.o(.text)
    CAN1_RX1_IRQHandler                      0x080083ab   Thumb Code     0  startup_stm32f10x_hd.o(.text)
    CAN1_SCE_IRQHandler                      0x080083ab   Thumb Code     0  startup_stm32f10x_hd.o(.text)
    DMA1_Channel1_IRQHandler                 0x080083ab   Thumb Code     0  startup_stm32f10x_hd.o(.text)
    DMA1_Channel2_IRQHandler                 0x080083ab   Thumb Code     0  startup_stm32f10x_hd.o(.text)
    DMA1_Channel3_IRQHandler                 0x080083ab   Thumb Code     0  startup_stm32f10x_hd.o(.text)
    DMA1_Channel4_IRQHandler                 0x080083ab   Thumb Code     0  startup_stm32f10x_hd.o(.text)
    DMA1_Channel5_IRQHandler                 0x080083ab   Thumb Code     0  startup_stm32f10x_hd.o(.text)
    DMA1_Channel6_IRQHandler                 0x080083ab   Thumb Code     0  startup_stm32f10x_hd.o(.text)
    DMA1_Channel7_IRQHandler                 0x080083ab   Thumb Code     0  startup_stm32f10x_hd.o(.text)
    DMA2_Channel1_IRQHandler                 0x080083ab   Thumb Code     0  startup_stm32f10x_hd.o(.text)
    DMA2_Channel2_IRQHandler                 0x080083ab   Thumb Code     0  startup_stm32f10x_hd.o(.text)
    DMA2_Channel3_IRQHandler                 0x080083ab   Thumb Code     0  startup_stm32f10x_hd.o(.text)
    DMA2_Channel4_5_IRQHandler               0x080083ab   Thumb Code     0  startup_stm32f10x_hd.o(.text)
    EXTI15_10_IRQHandler                     0x080083ab   Thumb Code     0  startup_stm32f10x_hd.o(.text)
    EXTI1_IRQHandler                         0x080083ab   Thumb Code     0  startup_stm32f10x_hd.o(.text)
    EXTI2_IRQHandler                         0x080083ab   Thumb Code     0  startup_stm32f10x_hd.o(.text)
    EXTI9_5_IRQHandler                       0x080083ab   Thumb Code     0  startup_stm32f10x_hd.o(.text)
    FLASH_IRQHandler                         0x080083ab   Thumb Code     0  startup_stm32f10x_hd.o(.text)
    FSMC_IRQHandler                          0x080083ab   Thumb Code     0  startup_stm32f10x_hd.o(.text)
    I2C1_ER_IRQHandler                       0x080083ab   Thumb Code     0  startup_stm32f10x_hd.o(.text)
    I2C1_EV_IRQHandler                       0x080083ab   Thumb Code     0  startup_stm32f10x_hd.o(.text)
    I2C2_ER_IRQHandler                       0x080083ab   Thumb Code     0  startup_stm32f10x_hd.o(.text)
    I2C2_EV_IRQHandler                       0x080083ab   Thumb Code     0  startup_stm32f10x_hd.o(.text)
    PVD_IRQHandler                           0x080083ab   Thumb Code     0  startup_stm32f10x_hd.o(.text)
    RCC_IRQHandler                           0x080083ab   Thumb Code     0  startup_stm32f10x_hd.o(.text)
    RTCAlarm_IRQHandler                      0x080083ab   Thumb Code     0  startup_stm32f10x_hd.o(.text)
    RTC_IRQHandler                           0x080083ab   Thumb Code     0  startup_stm32f10x_hd.o(.text)
    SPI1_IRQHandler                          0x080083ab   Thumb Code     0  startup_stm32f10x_hd.o(.text)
    SPI2_IRQHandler                          0x080083ab   Thumb Code     0  startup_stm32f10x_hd.o(.text)
    SPI3_IRQHandler                          0x080083ab   Thumb Code     0  startup_stm32f10x_hd.o(.text)
    TAMPER_IRQHandler                        0x080083ab   Thumb Code     0  startup_stm32f10x_hd.o(.text)
    TIM1_BRK_IRQHandler                      0x080083ab   Thumb Code     0  startup_stm32f10x_hd.o(.text)
    TIM1_CC_IRQHandler                       0x080083ab   Thumb Code     0  startup_stm32f10x_hd.o(.text)
    TIM1_TRG_COM_IRQHandler                  0x080083ab   Thumb Code     0  startup_stm32f10x_hd.o(.text)
    TIM1_UP_IRQHandler                       0x080083ab   Thumb Code     0  startup_stm32f10x_hd.o(.text)
    TIM2_IRQHandler                          0x080083ab   Thumb Code     0  startup_stm32f10x_hd.o(.text)
    TIM7_IRQHandler                          0x080083ab   Thumb Code     0  startup_stm32f10x_hd.o(.text)
    TIM8_BRK_IRQHandler                      0x080083ab   Thumb Code     0  startup_stm32f10x_hd.o(.text)
    TIM8_CC_IRQHandler                       0x080083ab   Thumb Code     0  startup_stm32f10x_hd.o(.text)
    TIM8_TRG_COM_IRQHandler                  0x080083ab   Thumb Code     0  startup_stm32f10x_hd.o(.text)
    TIM8_UP_IRQHandler                       0x080083ab   Thumb Code     0  startup_stm32f10x_hd.o(.text)
    UART4_IRQHandler                         0x080083ab   Thumb Code     0  startup_stm32f10x_hd.o(.text)
    UART5_IRQHandler                         0x080083ab   Thumb Code     0  startup_stm32f10x_hd.o(.text)
    USART2_IRQHandler                        0x080083ab   Thumb Code     0  startup_stm32f10x_hd.o(.text)
    USART3_IRQHandler                        0x080083ab   Thumb Code     0  startup_stm32f10x_hd.o(.text)
    USBWakeUp_IRQHandler                     0x080083ab   Thumb Code     0  startup_stm32f10x_hd.o(.text)
    USB_HP_CAN1_TX_IRQHandler                0x080083ab   Thumb Code     0  startup_stm32f10x_hd.o(.text)
    USB_LP_CAN1_RX0_IRQHandler               0x080083ab   Thumb Code     0  startup_stm32f10x_hd.o(.text)
    WWDG_IRQHandler                          0x080083ab   Thumb Code     0  startup_stm32f10x_hd.o(.text)
    __user_initial_stackheap                 0x080083ad   Thumb Code     0  startup_stm32f10x_hd.o(.text)
    NVIC_PriorityGroupConfig                 0x080083d1   Thumb Code    10  misc.o(.text)
    NVIC_Init                                0x080083db   Thumb Code   100  misc.o(.text)
    NVIC_SetVectorTable                      0x0800843f   Thumb Code    14  misc.o(.text)
    NVIC_SystemLPConfig                      0x0800844d   Thumb Code    34  misc.o(.text)
    SysTick_CLKSourceConfig                  0x0800846f   Thumb Code    40  misc.o(.text)
    GPIO_DeInit                              0x080084ad   Thumb Code   172  stm32f10x_gpio.o(.text)
    GPIO_AFIODeInit                          0x08008559   Thumb Code    20  stm32f10x_gpio.o(.text)
    GPIO_Init                                0x0800856d   Thumb Code   278  stm32f10x_gpio.o(.text)
    GPIO_StructInit                          0x08008683   Thumb Code    16  stm32f10x_gpio.o(.text)
    GPIO_ReadInputDataBit                    0x08008693   Thumb Code    18  stm32f10x_gpio.o(.text)
    GPIO_ReadInputData                       0x080086a5   Thumb Code     8  stm32f10x_gpio.o(.text)
    GPIO_ReadOutputDataBit                   0x080086ad   Thumb Code    18  stm32f10x_gpio.o(.text)
    GPIO_ReadOutputData                      0x080086bf   Thumb Code     8  stm32f10x_gpio.o(.text)
    GPIO_SetBits                             0x080086c7   Thumb Code     4  stm32f10x_gpio.o(.text)
    GPIO_ResetBits                           0x080086cb   Thumb Code     4  stm32f10x_gpio.o(.text)
    GPIO_WriteBit                            0x080086cf   Thumb Code    10  stm32f10x_gpio.o(.text)
    GPIO_Write                               0x080086d9   Thumb Code     4  stm32f10x_gpio.o(.text)
    GPIO_PinLockConfig                       0x080086dd   Thumb Code    18  stm32f10x_gpio.o(.text)
    GPIO_EventOutputConfig                   0x080086ef   Thumb Code    26  stm32f10x_gpio.o(.text)
    GPIO_EventOutputCmd                      0x08008709   Thumb Code     6  stm32f10x_gpio.o(.text)
    GPIO_PinRemapConfig                      0x0800870f   Thumb Code   138  stm32f10x_gpio.o(.text)
    GPIO_EXTILineConfig                      0x08008799   Thumb Code    66  stm32f10x_gpio.o(.text)
    GPIO_ETH_MediaInterfaceConfig            0x080087db   Thumb Code     8  stm32f10x_gpio.o(.text)
    RCC_DeInit                               0x08008809   Thumb Code    64  stm32f10x_rcc.o(.text)
    RCC_HSEConfig                            0x08008849   Thumb Code    70  stm32f10x_rcc.o(.text)
    RCC_GetFlagStatus                        0x0800888f   Thumb Code    56  stm32f10x_rcc.o(.text)
    RCC_WaitForHSEStartUp                    0x080088c7   Thumb Code    56  stm32f10x_rcc.o(.text)
    RCC_AdjustHSICalibrationValue            0x080088ff   Thumb Code    20  stm32f10x_rcc.o(.text)
    RCC_HSICmd                               0x08008913   Thumb Code     6  stm32f10x_rcc.o(.text)
    RCC_PLLConfig                            0x08008919   Thumb Code    24  stm32f10x_rcc.o(.text)
    RCC_PLLCmd                               0x08008931   Thumb Code     6  stm32f10x_rcc.o(.text)
    RCC_SYSCLKConfig                         0x08008937   Thumb Code    18  stm32f10x_rcc.o(.text)
    RCC_GetSYSCLKSource                      0x08008949   Thumb Code    10  stm32f10x_rcc.o(.text)
    RCC_HCLKConfig                           0x08008953   Thumb Code    18  stm32f10x_rcc.o(.text)
    RCC_PCLK1Config                          0x08008965   Thumb Code    18  stm32f10x_rcc.o(.text)
    RCC_PCLK2Config                          0x08008977   Thumb Code    20  stm32f10x_rcc.o(.text)
    RCC_ITConfig                             0x0800898b   Thumb Code    26  stm32f10x_rcc.o(.text)
    RCC_USBCLKConfig                         0x080089a5   Thumb Code     8  stm32f10x_rcc.o(.text)
    RCC_ADCCLKConfig                         0x080089ad   Thumb Code    18  stm32f10x_rcc.o(.text)
    RCC_LSEConfig                            0x080089bf   Thumb Code    50  stm32f10x_rcc.o(.text)
    RCC_LSICmd                               0x080089f1   Thumb Code     6  stm32f10x_rcc.o(.text)
    RCC_RTCCLKConfig                         0x080089f7   Thumb Code    12  stm32f10x_rcc.o(.text)
    RCC_RTCCLKCmd                            0x08008a03   Thumb Code     8  stm32f10x_rcc.o(.text)
    RCC_GetClocksFreq                        0x08008a0b   Thumb Code   192  stm32f10x_rcc.o(.text)
    RCC_AHBPeriphClockCmd                    0x08008acb   Thumb Code    26  stm32f10x_rcc.o(.text)
    RCC_APB2PeriphClockCmd                   0x08008ae5   Thumb Code    26  stm32f10x_rcc.o(.text)
    RCC_APB1PeriphClockCmd                   0x08008aff   Thumb Code    26  stm32f10x_rcc.o(.text)
    RCC_APB2PeriphResetCmd                   0x08008b19   Thumb Code    26  stm32f10x_rcc.o(.text)
    RCC_APB1PeriphResetCmd                   0x08008b33   Thumb Code    26  stm32f10x_rcc.o(.text)
    RCC_BackupResetCmd                       0x08008b4d   Thumb Code     8  stm32f10x_rcc.o(.text)
    RCC_ClockSecuritySystemCmd               0x08008b55   Thumb Code     6  stm32f10x_rcc.o(.text)
    RCC_MCOConfig                            0x08008b5b   Thumb Code     6  stm32f10x_rcc.o(.text)
    RCC_ClearFlag                            0x08008b61   Thumb Code    14  stm32f10x_rcc.o(.text)
    RCC_GetITStatus                          0x08008b6f   Thumb Code    20  stm32f10x_rcc.o(.text)
    RCC_ClearITPendingBit                    0x08008b83   Thumb Code     6  stm32f10x_rcc.o(.text)
    TIM_DeInit                               0x08008bad   Thumb Code   424  stm32f10x_tim.o(.text)
    TIM_TimeBaseInit                         0x08008d55   Thumb Code   122  stm32f10x_tim.o(.text)
    TIM_OC1Init                              0x08008dcf   Thumb Code   132  stm32f10x_tim.o(.text)
    TIM_OC2Init                              0x08008e53   Thumb Code   154  stm32f10x_tim.o(.text)
    TIM_OC3Init                              0x08008eed   Thumb Code   150  stm32f10x_tim.o(.text)
    TIM_OC4Init                              0x08008f83   Thumb Code   182  stm32f10x_tim.o(.text)
    TIM_SetIC4Prescaler                      0x08009039   Thumb Code    26  stm32f10x_tim.o(.text)
    TIM_SetIC3Prescaler                      0x080090d5   Thumb Code    18  stm32f10x_tim.o(.text)
    TIM_SetIC2Prescaler                      0x08009161   Thumb Code    26  stm32f10x_tim.o(.text)
    TIM_SetIC1Prescaler                      0x080091fd   Thumb Code    18  stm32f10x_tim.o(.text)
    TIM_ICInit                               0x0800927b   Thumb Code   150  stm32f10x_tim.o(.text)
    TIM_PWMIConfig                           0x08009311   Thumb Code   124  stm32f10x_tim.o(.text)
    TIM_BDTRConfig                           0x0800938d   Thumb Code    32  stm32f10x_tim.o(.text)
    TIM_TimeBaseStructInit                   0x080093ad   Thumb Code    18  stm32f10x_tim.o(.text)
    TIM_OCStructInit                         0x080093bf   Thumb Code    20  stm32f10x_tim.o(.text)
    TIM_ICStructInit                         0x080093d3   Thumb Code    18  stm32f10x_tim.o(.text)
    TIM_BDTRStructInit                       0x080093e5   Thumb Code    40  stm32f10x_tim.o(.text)
    TIM_Cmd                                  0x0800940d   Thumb Code    24  stm32f10x_tim.o(.text)
    TIM_CtrlPWMOutputs                       0x08009425   Thumb Code    30  stm32f10x_tim.o(.text)
    TIM_ITConfig                             0x08009443   Thumb Code    18  stm32f10x_tim.o(.text)
    TIM_GenerateEvent                        0x08009455   Thumb Code     4  stm32f10x_tim.o(.text)
    TIM_DMAConfig                            0x08009459   Thumb Code    10  stm32f10x_tim.o(.text)
    TIM_DMACmd                               0x08009463   Thumb Code    18  stm32f10x_tim.o(.text)
    TIM_InternalClockConfig                  0x08009475   Thumb Code    12  stm32f10x_tim.o(.text)
    TIM_SelectInputTrigger                   0x08009481   Thumb Code    18  stm32f10x_tim.o(.text)
    TIM_ITRxExternalClockConfig              0x08009493   Thumb Code    24  stm32f10x_tim.o(.text)
    TIM_TIxExternalClockConfig               0x080094ab   Thumb Code    62  stm32f10x_tim.o(.text)
    TIM_ETRConfig                            0x080094e9   Thumb Code    28  stm32f10x_tim.o(.text)
    TIM_ETRClockMode1Config                  0x08009505   Thumb Code    54  stm32f10x_tim.o(.text)
    TIM_ETRClockMode2Config                  0x0800953b   Thumb Code    32  stm32f10x_tim.o(.text)
    TIM_PrescalerConfig                      0x0800955b   Thumb Code     6  stm32f10x_tim.o(.text)
    TIM_CounterModeConfig                    0x08009561   Thumb Code    18  stm32f10x_tim.o(.text)
    TIM_EncoderInterfaceConfig               0x08009573   Thumb Code    66  stm32f10x_tim.o(.text)
    TIM_ForcedOC1Config                      0x080095b5   Thumb Code    18  stm32f10x_tim.o(.text)
    TIM_ForcedOC2Config                      0x080095c7   Thumb Code    26  stm32f10x_tim.o(.text)
    TIM_ForcedOC3Config                      0x080095e1   Thumb Code    18  stm32f10x_tim.o(.text)
    TIM_ForcedOC4Config                      0x080095f3   Thumb Code    26  stm32f10x_tim.o(.text)
    TIM_ARRPreloadConfig                     0x0800960d   Thumb Code    24  stm32f10x_tim.o(.text)
    TIM_SelectCOM                            0x08009625   Thumb Code    24  stm32f10x_tim.o(.text)
    TIM_SelectCCDMA                          0x0800963d   Thumb Code    24  stm32f10x_tim.o(.text)
    TIM_CCPreloadControl                     0x08009655   Thumb Code    24  stm32f10x_tim.o(.text)
    TIM_OC1PreloadConfig                     0x0800966d   Thumb Code    18  stm32f10x_tim.o(.text)
    TIM_OC2PreloadConfig                     0x0800967f   Thumb Code    26  stm32f10x_tim.o(.text)
    TIM_OC3PreloadConfig                     0x08009699   Thumb Code    18  stm32f10x_tim.o(.text)
    TIM_OC4PreloadConfig                     0x080096ab   Thumb Code    26  stm32f10x_tim.o(.text)
    TIM_OC1FastConfig                        0x080096c5   Thumb Code    18  stm32f10x_tim.o(.text)
    TIM_OC2FastConfig                        0x080096d7   Thumb Code    26  stm32f10x_tim.o(.text)
    TIM_OC3FastConfig                        0x080096f1   Thumb Code    18  stm32f10x_tim.o(.text)
    TIM_OC4FastConfig                        0x08009703   Thumb Code    26  stm32f10x_tim.o(.text)
    TIM_ClearOC1Ref                          0x0800971d   Thumb Code    18  stm32f10x_tim.o(.text)
    TIM_ClearOC2Ref                          0x0800972f   Thumb Code    24  stm32f10x_tim.o(.text)
    TIM_ClearOC3Ref                          0x08009747   Thumb Code    18  stm32f10x_tim.o(.text)
    TIM_ClearOC4Ref                          0x08009759   Thumb Code    24  stm32f10x_tim.o(.text)
    TIM_OC1PolarityConfig                    0x08009771   Thumb Code    18  stm32f10x_tim.o(.text)
    TIM_OC1NPolarityConfig                   0x08009783   Thumb Code    18  stm32f10x_tim.o(.text)
    TIM_OC2PolarityConfig                    0x08009795   Thumb Code    26  stm32f10x_tim.o(.text)
    TIM_OC2NPolarityConfig                   0x080097af   Thumb Code    26  stm32f10x_tim.o(.text)
    TIM_OC3PolarityConfig                    0x080097c9   Thumb Code    26  stm32f10x_tim.o(.text)
    TIM_OC3NPolarityConfig                   0x080097e3   Thumb Code    26  stm32f10x_tim.o(.text)
    TIM_OC4PolarityConfig                    0x080097fd   Thumb Code    26  stm32f10x_tim.o(.text)
    TIM_CCxCmd                               0x08009817   Thumb Code    30  stm32f10x_tim.o(.text)
    TIM_CCxNCmd                              0x08009835   Thumb Code    30  stm32f10x_tim.o(.text)
    TIM_SelectOCxM                           0x08009853   Thumb Code    82  stm32f10x_tim.o(.text)
    TIM_UpdateDisableConfig                  0x080098a5   Thumb Code    24  stm32f10x_tim.o(.text)
    TIM_UpdateRequestConfig                  0x080098bd   Thumb Code    24  stm32f10x_tim.o(.text)
    TIM_SelectHallSensor                     0x080098d5   Thumb Code    24  stm32f10x_tim.o(.text)
    TIM_SelectOnePulseMode                   0x080098ed   Thumb Code    18  stm32f10x_tim.o(.text)
    TIM_SelectOutputTrigger                  0x080098ff   Thumb Code    18  stm32f10x_tim.o(.text)
    TIM_SelectSlaveMode                      0x08009911   Thumb Code    18  stm32f10x_tim.o(.text)
    TIM_SelectMasterSlaveMode                0x08009923   Thumb Code    18  stm32f10x_tim.o(.text)
    TIM_SetCounter                           0x08009935   Thumb Code     4  stm32f10x_tim.o(.text)
    TIM_SetAutoreload                        0x08009939   Thumb Code     4  stm32f10x_tim.o(.text)
    TIM_SetCompare1                          0x0800993d   Thumb Code     4  stm32f10x_tim.o(.text)
    TIM_SetCompare2                          0x08009941   Thumb Code     4  stm32f10x_tim.o(.text)
    TIM_SetCompare3                          0x08009945   Thumb Code     4  stm32f10x_tim.o(.text)
    TIM_SetCompare4                          0x08009949   Thumb Code     6  stm32f10x_tim.o(.text)
    TIM_SetClockDivision                     0x0800994f   Thumb Code    18  stm32f10x_tim.o(.text)
    TIM_GetCapture1                          0x08009961   Thumb Code     6  stm32f10x_tim.o(.text)
    TIM_GetCapture2                          0x08009967   Thumb Code     6  stm32f10x_tim.o(.text)
    TIM_GetCapture3                          0x0800996d   Thumb Code     6  stm32f10x_tim.o(.text)
    TIM_GetCapture4                          0x08009973   Thumb Code     8  stm32f10x_tim.o(.text)
    TIM_GetCounter                           0x0800997b   Thumb Code     6  stm32f10x_tim.o(.text)
    TIM_GetPrescaler                         0x08009981   Thumb Code     6  stm32f10x_tim.o(.text)
    TIM_GetFlagStatus                        0x08009987   Thumb Code    18  stm32f10x_tim.o(.text)
    TIM_ClearFlag                            0x08009999   Thumb Code     6  stm32f10x_tim.o(.text)
    TIM_GetITStatus                          0x0800999f   Thumb Code    34  stm32f10x_tim.o(.text)
    TIM_ClearITPendingBit                    0x080099c1   Thumb Code     6  stm32f10x_tim.o(.text)
    USART_DeInit                             0x080099c9   Thumb Code   134  stm32f10x_usart.o(.text)
    USART_Init                               0x08009a4f   Thumb Code   210  stm32f10x_usart.o(.text)
    USART_StructInit                         0x08009b21   Thumb Code    24  stm32f10x_usart.o(.text)
    USART_ClockInit                          0x08009b39   Thumb Code    34  stm32f10x_usart.o(.text)
    USART_ClockStructInit                    0x08009b5b   Thumb Code    12  stm32f10x_usart.o(.text)
    USART_Cmd                                0x08009b67   Thumb Code    24  stm32f10x_usart.o(.text)
    USART_ITConfig                           0x08009b7f   Thumb Code    74  stm32f10x_usart.o(.text)
    USART_DMACmd                             0x08009bc9   Thumb Code    18  stm32f10x_usart.o(.text)
    USART_SetAddress                         0x08009bdb   Thumb Code    18  stm32f10x_usart.o(.text)
    USART_WakeUpConfig                       0x08009bed   Thumb Code    18  stm32f10x_usart.o(.text)
    USART_ReceiverWakeUpCmd                  0x08009bff   Thumb Code    24  stm32f10x_usart.o(.text)
    USART_LINBreakDetectLengthConfig         0x08009c17   Thumb Code    18  stm32f10x_usart.o(.text)
    USART_LINCmd                             0x08009c29   Thumb Code    24  stm32f10x_usart.o(.text)
    USART_SendData                           0x08009c41   Thumb Code     8  stm32f10x_usart.o(.text)
    USART_ReceiveData                        0x08009c49   Thumb Code    10  stm32f10x_usart.o(.text)
    USART_SendBreak                          0x08009c53   Thumb Code    10  stm32f10x_usart.o(.text)
    USART_SetGuardTime                       0x08009c5d   Thumb Code    16  stm32f10x_usart.o(.text)
    USART_SetPrescaler                       0x08009c6d   Thumb Code    16  stm32f10x_usart.o(.text)
    USART_SmartCardCmd                       0x08009c7d   Thumb Code    24  stm32f10x_usart.o(.text)
    USART_SmartCardNACKCmd                   0x08009c95   Thumb Code    24  stm32f10x_usart.o(.text)
    USART_HalfDuplexCmd                      0x08009cad   Thumb Code    24  stm32f10x_usart.o(.text)
    USART_OverSampling8Cmd                   0x08009cc5   Thumb Code    22  stm32f10x_usart.o(.text)
    USART_OneBitMethodCmd                    0x08009cdb   Thumb Code    24  stm32f10x_usart.o(.text)
    USART_IrDAConfig                         0x08009cf3   Thumb Code    18  stm32f10x_usart.o(.text)
    USART_IrDACmd                            0x08009d05   Thumb Code    24  stm32f10x_usart.o(.text)
    USART_GetFlagStatus                      0x08009d1d   Thumb Code    26  stm32f10x_usart.o(.text)
    USART_ClearFlag                          0x08009d37   Thumb Code    18  stm32f10x_usart.o(.text)
    USART_GetITStatus                        0x08009d49   Thumb Code    84  stm32f10x_usart.o(.text)
    USART_ClearITPendingBit                  0x08009d9d   Thumb Code    52  stm32f10x_usart.o(.text)
    EXTI_DeInit                              0x08009dd1   Thumb Code    28  stm32f10x_exti.o(.text)
    EXTI_Init                                0x08009ded   Thumb Code   142  stm32f10x_exti.o(.text)
    EXTI_StructInit                          0x08009e7b   Thumb Code    16  stm32f10x_exti.o(.text)
    EXTI_GenerateSWInterrupt                 0x08009e8b   Thumb Code    16  stm32f10x_exti.o(.text)
    EXTI_GetFlagStatus                       0x08009e9b   Thumb Code    22  stm32f10x_exti.o(.text)
    EXTI_ClearFlag                           0x08009eb1   Thumb Code     8  stm32f10x_exti.o(.text)
    EXTI_GetITStatus                         0x08009eb9   Thumb Code    34  stm32f10x_exti.o(.text)
    EXTI_ClearITPendingBit                   0x08009edb   Thumb Code     8  stm32f10x_exti.o(.text)
    DMA_DeInit                               0x08009eed   Thumb Code   324  stm32f10x_dma.o(.text)
    DMA_Init                                 0x0800a031   Thumb Code    60  stm32f10x_dma.o(.text)
    DMA_StructInit                           0x0800a06d   Thumb Code    26  stm32f10x_dma.o(.text)
    DMA_Cmd                                  0x0800a087   Thumb Code    24  stm32f10x_dma.o(.text)
    DMA_ITConfig                             0x0800a09f   Thumb Code    18  stm32f10x_dma.o(.text)
    DMA_SetCurrDataCounter                   0x0800a0b1   Thumb Code     4  stm32f10x_dma.o(.text)
    DMA_GetCurrDataCounter                   0x0800a0b5   Thumb Code     8  stm32f10x_dma.o(.text)
    DMA_GetFlagStatus                        0x0800a0bd   Thumb Code    40  stm32f10x_dma.o(.text)
    DMA_ClearFlag                            0x0800a0e5   Thumb Code    22  stm32f10x_dma.o(.text)
    DMA_GetITStatus                          0x0800a0fb   Thumb Code    40  stm32f10x_dma.o(.text)
    DMA_ClearITPendingBit                    0x0800a123   Thumb Code    22  stm32f10x_dma.o(.text)
    FSMC_NORSRAMDeInit                       0x0800a141   Thumb Code    54  stm32f10x_fsmc.o(.text)
    FSMC_NANDDeInit                          0x0800a177   Thumb Code    62  stm32f10x_fsmc.o(.text)
    FSMC_PCCARDDeInit                        0x0800a1b5   Thumb Code    36  stm32f10x_fsmc.o(.text)
    FSMC_NORSRAMInit                         0x0800a1d9   Thumb Code   230  stm32f10x_fsmc.o(.text)
    FSMC_NANDInit                            0x0800a2bf   Thumb Code   132  stm32f10x_fsmc.o(.text)
    FSMC_PCCARDInit                          0x0800a343   Thumb Code   130  stm32f10x_fsmc.o(.text)
    FSMC_NORSRAMStructInit                   0x0800a3c5   Thumb Code   114  stm32f10x_fsmc.o(.text)
    FSMC_NANDStructInit                      0x0800a437   Thumb Code    54  stm32f10x_fsmc.o(.text)
    FSMC_PCCARDStructInit                    0x0800a46d   Thumb Code    60  stm32f10x_fsmc.o(.text)
    FSMC_NORSRAMCmd                          0x0800a4a9   Thumb Code    46  stm32f10x_fsmc.o(.text)
    FSMC_NANDCmd                             0x0800a4d7   Thumb Code    86  stm32f10x_fsmc.o(.text)
    FSMC_PCCARDCmd                           0x0800a52d   Thumb Code    44  stm32f10x_fsmc.o(.text)
    FSMC_NANDECCCmd                          0x0800a559   Thumb Code    90  stm32f10x_fsmc.o(.text)
    FSMC_GetECC                              0x0800a5b3   Thumb Code    24  stm32f10x_fsmc.o(.text)
    FSMC_ITConfig                            0x0800a5cb   Thumb Code   128  stm32f10x_fsmc.o(.text)
    FSMC_GetFlagStatus                       0x0800a64b   Thumb Code    54  stm32f10x_fsmc.o(.text)
    FSMC_ClearFlag                           0x0800a681   Thumb Code    62  stm32f10x_fsmc.o(.text)
    FSMC_GetITStatus                         0x0800a6bf   Thumb Code    64  stm32f10x_fsmc.o(.text)
    FSMC_ClearITPendingBit                   0x0800a6ff   Thumb Code    68  stm32f10x_fsmc.o(.text)
    SDIO_DeInit                              0x0800a74d   Thumb Code    28  stm32f10x_sdio.o(.text)
    SDIO_Init                                0x0800a769   Thumb Code    42  stm32f10x_sdio.o(.text)
    SDIO_StructInit                          0x0800a793   Thumb Code    16  stm32f10x_sdio.o(.text)
    SDIO_ClockCmd                            0x0800a7a3   Thumb Code     6  stm32f10x_sdio.o(.text)
    SDIO_SetPowerState                       0x0800a7a9   Thumb Code    22  stm32f10x_sdio.o(.text)
    SDIO_GetPowerState                       0x0800a7bf   Thumb Code    10  stm32f10x_sdio.o(.text)
    SDIO_ITConfig                            0x0800a7c9   Thumb Code    26  stm32f10x_sdio.o(.text)
    SDIO_DMACmd                              0x0800a7e3   Thumb Code     6  stm32f10x_sdio.o(.text)
    SDIO_SendCommand                         0x0800a7e9   Thumb Code    38  stm32f10x_sdio.o(.text)
    SDIO_CmdStructInit                       0x0800a80f   Thumb Code    14  stm32f10x_sdio.o(.text)
    SDIO_GetCommandResponse                  0x0800a81d   Thumb Code     8  stm32f10x_sdio.o(.text)
    SDIO_GetResponse                         0x0800a825   Thumb Code    22  stm32f10x_sdio.o(.text)
    SDIO_DataConfig                          0x0800a83b   Thumb Code    42  stm32f10x_sdio.o(.text)
    SDIO_DataStructInit                      0x0800a865   Thumb Code    20  stm32f10x_sdio.o(.text)
    SDIO_GetDataCounter                      0x0800a879   Thumb Code     6  stm32f10x_sdio.o(.text)
    SDIO_ReadData                            0x0800a87f   Thumb Code     8  stm32f10x_sdio.o(.text)
    SDIO_WriteData                           0x0800a887   Thumb Code     8  stm32f10x_sdio.o(.text)
    SDIO_GetFIFOCount                        0x0800a88f   Thumb Code     6  stm32f10x_sdio.o(.text)
    SDIO_StartSDIOReadWait                   0x0800a895   Thumb Code     8  stm32f10x_sdio.o(.text)
    SDIO_StopSDIOReadWait                    0x0800a89d   Thumb Code     8  stm32f10x_sdio.o(.text)
    SDIO_SetSDIOReadWaitMode                 0x0800a8a5   Thumb Code     8  stm32f10x_sdio.o(.text)
    SDIO_SetSDIOOperation                    0x0800a8ad   Thumb Code     8  stm32f10x_sdio.o(.text)
    SDIO_SendSDIOSuspendCmd                  0x0800a8b5   Thumb Code     6  stm32f10x_sdio.o(.text)
    SDIO_CommandCompletionCmd                0x0800a8bb   Thumb Code     8  stm32f10x_sdio.o(.text)
    SDIO_CEATAITCmd                          0x0800a8c3   Thumb Code    12  stm32f10x_sdio.o(.text)
    SDIO_SendCEATACmd                        0x0800a8cf   Thumb Code     8  stm32f10x_sdio.o(.text)
    SDIO_GetFlagStatus                       0x0800a8d7   Thumb Code    20  stm32f10x_sdio.o(.text)
    SDIO_ClearFlag                           0x0800a8eb   Thumb Code     6  stm32f10x_sdio.o(.text)
    SDIO_GetITStatus                         0x0800a8f1   Thumb Code    20  stm32f10x_sdio.o(.text)
    SDIO_ClearITPendingBit                   0x0800a905   Thumb Code     6  stm32f10x_sdio.o(.text)
    SPI_I2S_DeInit                           0x0800a921   Thumb Code    76  stm32f10x_spi.o(.text)
    SPI_Init                                 0x0800a96d   Thumb Code    60  stm32f10x_spi.o(.text)
    I2S_Init                                 0x0800a9a9   Thumb Code   226  stm32f10x_spi.o(.text)
    SPI_StructInit                           0x0800aa8b   Thumb Code    24  stm32f10x_spi.o(.text)
    I2S_StructInit                           0x0800aaa3   Thumb Code    20  stm32f10x_spi.o(.text)
    SPI_Cmd                                  0x0800aab7   Thumb Code    24  stm32f10x_spi.o(.text)
    I2S_Cmd                                  0x0800aacf   Thumb Code    24  stm32f10x_spi.o(.text)
    SPI_I2S_ITConfig                         0x0800aae7   Thumb Code    32  stm32f10x_spi.o(.text)
    SPI_I2S_DMACmd                           0x0800ab07   Thumb Code    18  stm32f10x_spi.o(.text)
    SPI_I2S_SendData                         0x0800ab19   Thumb Code     4  stm32f10x_spi.o(.text)
    SPI_I2S_ReceiveData                      0x0800ab1d   Thumb Code     6  stm32f10x_spi.o(.text)
    SPI_NSSInternalSoftwareConfig            0x0800ab23   Thumb Code    30  stm32f10x_spi.o(.text)
    SPI_SSOutputCmd                          0x0800ab41   Thumb Code    24  stm32f10x_spi.o(.text)
    SPI_DataSizeConfig                       0x0800ab59   Thumb Code    18  stm32f10x_spi.o(.text)
    SPI_TransmitCRC                          0x0800ab6b   Thumb Code    10  stm32f10x_spi.o(.text)
    SPI_CalculateCRC                         0x0800ab75   Thumb Code    24  stm32f10x_spi.o(.text)
    SPI_GetCRC                               0x0800ab8d   Thumb Code    16  stm32f10x_spi.o(.text)
    SPI_GetCRCPolynomial                     0x0800ab9d   Thumb Code     6  stm32f10x_spi.o(.text)
    SPI_BiDirectionalLineConfig              0x0800aba3   Thumb Code    28  stm32f10x_spi.o(.text)
    SPI_I2S_GetFlagStatus                    0x0800abbf   Thumb Code    18  stm32f10x_spi.o(.text)
    SPI_I2S_ClearFlag                        0x0800abd1   Thumb Code     6  stm32f10x_spi.o(.text)
    SPI_I2S_GetITStatus                      0x0800abd7   Thumb Code    52  stm32f10x_spi.o(.text)
    SPI_I2S_ClearITPendingBit                0x0800ac0b   Thumb Code    20  stm32f10x_spi.o(.text)
    fupd_prog                                0x0800ac2d   Thumb Code   134  fontupd.o(.text)
    updata_fontx                             0x0800acb3   Thumb Code   346  fontupd.o(.text)
    update_font                              0x0800ae0d   Thumb Code   882  fontupd.o(.text)
    font_init                                0x0800b17f   Thumb Code    64  fontupd.o(.text)
    Get_HzMat                                0x0800b1fd   Thumb Code   220  text.o(.text)
    Show_Font                                0x0800b2d9   Thumb Code   190  text.o(.text)
    Show_Str                                 0x0800b397   Thumb Code   192  text.o(.text)
    Show_Str_Mid                             0x0800b457   Thumb Code   106  text.o(.text)
    mymemcpy                                 0x0800b4d1   Thumb Code    26  malloc.o(.text)
    mymemset                                 0x0800b4eb   Thumb Code    20  malloc.o(.text)
    my_mem_init                              0x0800b4ff   Thumb Code    54  malloc.o(.text)
    my_mem_perused                           0x0800b535   Thumb Code    54  malloc.o(.text)
    my_mem_malloc                            0x0800b56b   Thumb Code   154  malloc.o(.text)
    my_mem_free                              0x0800b605   Thumb Code    94  malloc.o(.text)
    myfree                                   0x0800b663   Thumb Code    32  malloc.o(.text)
    mymalloc                                 0x0800b683   Thumb Code    36  malloc.o(.text)
    myrealloc                                0x0800b6a7   Thumb Code    68  malloc.o(.text)
    exfuns_init                              0x0800b6fd   Thumb Code   114  exfuns.o(.text)
    char_upper                               0x0800b76f   Thumb Code    26  exfuns.o(.text)
    f_typetell                               0x0800b789   Thumb Code   188  exfuns.o(.text)
    exf_getfree                              0x0800b845   Thumb Code    74  exfuns.o(.text)
    ff_convert                               0x0800b8a5   Thumb Code   146  mycc936.o(.text)
    ff_wtoupper                              0x0800b937   Thumb Code    46  mycc936.o(.text)
    clust2sect                               0x0800bb27   Thumb Code    26  ff.o(.text)
    get_fat                                  0x0800bb41   Thumb Code   242  ff.o(.text)
    put_fat                                  0x0800bc33   Thumb Code   322  ff.o(.text)
    dir_sdi                                  0x0800bee9   Thumb Code   158  ff.o(.text)
    f_mount                                  0x0800cf73   Thumb Code    86  ff.o(.text)
    f_open                                   0x0800cfc9   Thumb Code   384  ff.o(.text)
    f_read                                   0x0800d149   Thumb Code   450  ff.o(.text)
    f_write                                  0x0800d30b   Thumb Code   490  ff.o(.text)
    f_sync                                   0x0800d4f5   Thumb Code   176  ff.o(.text)
    f_close                                  0x0800d5a5   Thumb Code    32  ff.o(.text)
    f_lseek                                  0x0800d5c5   Thumb Code   684  ff.o(.text)
    f_opendir                                0x0800d871   Thumb Code   136  ff.o(.text)
    f_closedir                               0x0800d8f9   Thumb Code    22  ff.o(.text)
    f_readdir                                0x0800d90f   Thumb Code   114  ff.o(.text)
    f_stat                                   0x0800d981   Thumb Code    84  ff.o(.text)
    f_getfree                                0x0800d9d5   Thumb Code   258  ff.o(.text)
    f_truncate                               0x0800dad7   Thumb Code   184  ff.o(.text)
    f_unlink                                 0x0800db8f   Thumb Code   190  ff.o(.text)
    f_mkdir                                  0x0800dc4d   Thumb Code   380  ff.o(.text)
    f_chmod                                  0x0800ddc9   Thumb Code   112  ff.o(.text)
    f_rename                                 0x0800de39   Thumb Code   290  ff.o(.text)
    f_utime                                  0x0800df5b   Thumb Code   110  ff.o(.text)
    f_getlabel                               0x0800dfc9   Thumb Code   190  ff.o(.text)
    f_setlabel                               0x0800e087   Thumb Code   482  ff.o(.text)
    f_mkfs                                   0x0800e269   Thumb Code  1578  ff.o(.text)
    f_gets                                   0x0800e893   Thumb Code    82  ff.o(.text)
    f_putc                                   0x0800e929   Thumb Code    64  ff.o(.text)
    f_puts                                   0x0800e969   Thumb Code    74  ff.o(.text)
    f_printf                                 0x0800e9b3   Thumb Code   674  ff.o(.text)
    disk_status                              0x0800ec55   Thumb Code     6  diskio.o(.text)
    disk_initialize                          0x0800ec5b   Thumb Code    52  diskio.o(.text)
    disk_read                                0x0800ec8f   Thumb Code   122  diskio.o(.text)
    disk_write                               0x0800ed09   Thumb Code   122  diskio.o(.text)
    disk_ioctl                               0x0800ed83   Thumb Code   170  diskio.o(.text)
    get_fattime                              0x0800ee2d   Thumb Code     4  diskio.o(.text)
    ff_memalloc                              0x0800ee31   Thumb Code    14  diskio.o(.text)
    ff_memfree                               0x0800ee3f   Thumb Code    14  diskio.o(.text)
    __use_no_semihosting                     0x0800ee55   Thumb Code     2  use_no_semi_2.o(.text)
    __aeabi_ldivmod                          0x0800ee57   Thumb Code     0  llsdiv.o(.text)
    _ll_sdiv                                 0x0800ee57   Thumb Code    72  llsdiv.o(.text)
    __2printf                                0x0800eea1   Thumb Code    20  noretval__2printf.o(.text)
    __printf                                 0x0800eeb9   Thumb Code   104  __printf.o(.text)
    _printf_int_hex                          0x0800ef21   Thumb Code    84  _printf_hex_int.o(.text)
    _printf_longlong_hex                     0x0800ef21   Thumb Code     0  _printf_hex_int.o(.text)
    strcpy                                   0x0800ef79   Thumb Code    72  strcpy.o(.text)
    strlen                                   0x0800efc1   Thumb Code    62  strlen.o(.text)
    strcat                                   0x0800efff   Thumb Code    24  strcat.o(.text)
    __aeabi_memcpy                           0x0800f017   Thumb Code     0  rt_memcpy_v6.o(.text)
    __rt_memcpy                              0x0800f017   Thumb Code   138  rt_memcpy_v6.o(.text)
    _memcpy_lastbytes                        0x0800f07d   Thumb Code     0  rt_memcpy_v6.o(.text)
    strcmp                                   0x0800f0a1   Thumb Code   128  strcmpv7m.o(.text)
    __use_two_region_memory                  0x0800f121   Thumb Code     2  heapauxi.o(.text)
    __rt_heap_escrow$2region                 0x0800f123   Thumb Code     2  heapauxi.o(.text)
    __rt_heap_expand$2region                 0x0800f125   Thumb Code     2  heapauxi.o(.text)
    __I$use$semihosting                      0x0800f127   Thumb Code     0  use_no_semi.o(.text)
    __use_no_semihosting_swi                 0x0800f127   Thumb Code     2  use_no_semi.o(.text)
    __aeabi_uldivmod                         0x0800f129   Thumb Code     0  lludivv7m.o(.text)
    _ll_udiv                                 0x0800f129   Thumb Code   238  lludivv7m.o(.text)
    _printf_int_common                       0x0800f217   Thumb Code   178  _printf_intcommon.o(.text)
    _printf_char_file                        0x0800f2c9   Thumb Code    32  _printf_char_file.o(.text)
    __aeabi_memcpy4                          0x0800f2ed   Thumb Code     0  rt_memcpy_w.o(.text)
    __aeabi_memcpy8                          0x0800f2ed   Thumb Code     0  rt_memcpy_w.o(.text)
    __rt_memcpy_w                            0x0800f2ed   Thumb Code   100  rt_memcpy_w.o(.text)
    _memcpy_lastbytes_aligned                0x0800f335   Thumb Code     0  rt_memcpy_w.o(.text)
    _printf_char_common                      0x0800f35b   Thumb Code    32  _printf_char_common.o(.text)
    ferror                                   0x0800f381   Thumb Code     8  ferror.o(.text)
    __user_setup_stackheap                   0x0800f389   Thumb Code    74  sys_stackheap_outer.o(.text)
    exit                                     0x0800f3d3   Thumb Code    12  exit.o(.text)
    __user_libspace                          0x0800f3e1   Thumb Code     8  libspace.o(.text)
    __user_perproc_libspace                  0x0800f3e1   Thumb Code     0  libspace.o(.text)
    __user_perthread_libspace                0x0800f3e1   Thumb Code     0  libspace.o(.text)
    __aeabi_d2uiz                            0x0800f3e9   Thumb Code     0  dfixu.o(x$fpl$dfixu)
    _dfixu                                   0x0800f3e9   Thumb Code    90  dfixu.o(x$fpl$dfixu)
    __aeabi_ui2d                             0x0800f443   Thumb Code     0  dflt_clz.o(x$fpl$dfltu)
    _dfltu                                   0x0800f443   Thumb Code    38  dflt_clz.o(x$fpl$dfltu)
    __aeabi_dmul                             0x0800f469   Thumb Code     0  dmul.o(x$fpl$dmul)
    _dmul                                    0x0800f469   Thumb Code   332  dmul.o(x$fpl$dmul)
    __fpl_dnaninf                            0x0800f5bd   Thumb Code   156  dnaninf.o(x$fpl$dnaninf)
    __fpl_dretinf                            0x0800f659   Thumb Code    12  dretinf.o(x$fpl$dretinf)
    __fpl_fcmp_Inf                           0x0800f665   Thumb Code    24  fcmpi.o(x$fpl$fcmpinf)
    __aeabi_fdiv                             0x0800f67d   Thumb Code     0  fdiv.o(x$fpl$fdiv)
    _fdiv                                    0x0800f67d   Thumb Code   384  fdiv.o(x$fpl$fdiv)
    __aeabi_cfcmpeq                          0x0800f801   Thumb Code     0  feqf.o(x$fpl$feqf)
    _fcmpeq                                  0x0800f801   Thumb Code   104  feqf.o(x$fpl$feqf)
    __aeabi_f2uiz                            0x0800f869   Thumb Code     0  ffixu.o(x$fpl$ffixu)
    _ffixu                                   0x0800f869   Thumb Code    62  ffixu.o(x$fpl$ffixu)
    __aeabi_ui2f                             0x0800f8a9   Thumb Code     0  fflt_clz.o(x$fpl$ffltu)
    _ffltu                                   0x0800f8a9   Thumb Code    38  fflt_clz.o(x$fpl$ffltu)
    __aeabi_fmul                             0x0800f8d1   Thumb Code     0  fmul.o(x$fpl$fmul)
    _fmul                                    0x0800f8d1   Thumb Code   258  fmul.o(x$fpl$fmul)
    __fpl_fnaninf                            0x0800f9d3   Thumb Code   140  fnaninf.o(x$fpl$fnaninf)
    __fpl_fretinf                            0x0800fa5f   Thumb Code    10  fretinf.o(x$fpl$fretinf)
    __I$use$fp                               0x0800fa68   Number         0  usenofp.o(x$fpl$usenofp)
    asc2_1206                                0x0800fa68   Data        1140  lcd.o(.constdata)
    asc2_1608                                0x0800fedc   Data        1520  lcd.o(.constdata)
    asc2_2412                                0x080104cc   Data        3420  lcd.o(.constdata)
    GBK24_PATH                               0x08011228   Data           4  fontupd.o(.constdata)
    GBK16_PATH                               0x0801122c   Data           4  fontupd.o(.constdata)
    GBK12_PATH                               0x08011230   Data           4  fontupd.o(.constdata)
    UNIGBK_PATH                              0x08011234   Data           4  fontupd.o(.constdata)
    memtblsize                               0x08011238   Data           8  malloc.o(.constdata)
    memblksize                               0x08011240   Data           8  malloc.o(.constdata)
    memsize                                  0x08011248   Data           8  malloc.o(.constdata)
    FILE_TYPE_TBL                            0x08011250   Data         312  exfuns.o(.constdata)
    Region$$Table$$Base                      0x0801186c   Number         0  anon$$obj.o(Region$$Table)
    Region$$Table$$Limit                     0x0801188c   Number         0  anon$$obj.o(Region$$Table)
    MODE                                     0x20000000   Data           1  main.o(.data)
    SystemCoreClock                          0x20000004   Data           4  system_stm32f10x.o(.data)
    AHBPrescTable                            0x20000008   Data          16  system_stm32f10x.o(.data)
    POINT_COLOR                              0x20000018   Data           2  lcd.o(.data)
    BACK_COLOR                               0x2000001a   Data           2  lcd.o(.data)
    WKUP_STATE                               0x2000001c   Data           2  key.o(.data)
    KEY0_STATE                               0x2000001e   Data           2  key.o(.data)
    KEY1_STATE                               0x20000020   Data           2  key.o(.data)
    beep_count                               0x20000022   Data           2  beep.o(.data)
    beep_state                               0x20000024   Data           1  beep.o(.data)
    Clock_State                              0x20000025   Data           1  clock_fuction.o(.data)
    TWINKBIT                                 0x20000026   Data           1  clock_fuction.o(.data)
    h                                        0x20000027   Data           1  display.o(.data)
    m                                        0x20000028   Data           1  display.o(.data)
    s                                        0x20000029   Data           1  display.o(.data)
    Count                                    0x2000002a   Data           1  display.o(.data)
    h_string                                 0x2000002b   Data           3  display.o(.data)
    m_string                                 0x2000002e   Data           3  display.o(.data)
    s_string                                 0x20000031   Data           3  display.o(.data)
    timer_minutes_string                     0x20000034   Data           3  display.o(.data)
    timer_seconds_string                     0x20000037   Data           3  display.o(.data)
    timer_minutes                            0x2000003a   Data           1  watch_fuction.o(.data)
    timer_seconds                            0x2000003b   Data           1  watch_fuction.o(.data)
    timer_state                              0x2000003c   Data           1  watch_fuction.o(.data)
    order_count                              0x2000003d   Data           1  watch_fuction.o(.data)
    timer_display_mode                       0x2000003e   Data           1  watch_fuction.o(.data)
    words_point_x                            0x20000040   Data           2  watch_fuction.o(.data)
    words_point_y                            0x20000042   Data           2  watch_fuction.o(.data)
    test_state                               0x20000044   Data           1  watch_fuction.o(.data)
    power_state                              0x20000045   Data           1  watch_fuction.o(.data)
    power_count                              0x20000046   Data           2  watch_fuction.o(.data)
    lock                                     0x20000048   Data           1  watch_fuction.o(.data)
    W25QXX_TYPE                              0x2000004a   Data           2  w25qxx.o(.data)
    TransferError                            0x20000056   Data           1  sdio_sdcard.o(.data)
    TransferEnd                              0x20000057   Data           1  sdio_sdcard.o(.data)
    tempbuff                                 0x20000058   Data           4  sdio_sdcard.o(.data)
    __stdout                                 0x20000060   Data           4  usart.o(.data)
    USART_RX_STA                             0x20000064   Data           2  usart.o(.data)
    mallco_dev                               0x2000007c   Data          28  malloc.o(.data)
    fs                                       0x20000098   Data           8  exfuns.o(.data)
    file                                     0x200000a0   Data           4  exfuns.o(.data)
    ftemp                                    0x200000a4   Data           4  exfuns.o(.data)
    br                                       0x200000a8   Data           4  exfuns.o(.data)
    bw                                       0x200000ac   Data           4  exfuns.o(.data)
    fatbuf                                   0x200000b0   Data           4  exfuns.o(.data)
    FLASH_SECTOR_COUNT                       0x200000be   Data           2  diskio.o(.data)
    lcddev                                   0x200000c0   Data          14  lcd.o(.bss)
    W25QXX_BUFFER                            0x200000ce   Data        4096  w25qxx.o(.bss)
    SDIO_InitStructure                       0x200010d0   Data          24  sdio_sdcard.o(.bss)
    SDIO_CmdInitStructure                    0x200010e8   Data          20  sdio_sdcard.o(.bss)
    SDIO_DataInitStructure                   0x200010fc   Data          24  sdio_sdcard.o(.bss)
    SDCardInfo                               0x20001138   Data          88  sdio_sdcard.o(.bss)
    SDIO_DATA_BUFFER                         0x20001190   Data         512  sdio_sdcard.o(.bss)
    USART_RX_BUF                             0x20001390   Data         200  usart.o(.bss)
    ftinfo                                   0x20001458   Data          33  fontupd.o(.bss)
    mem1base                                 0x20001480   Data       40960  malloc.o(.bss)
    mem1mapbase                              0x2000b480   Data        2560  malloc.o(.bss)
    __libspace_start                         0x2000be80   Data          96  libspace.o(.bss)
    __temporary_stack_top$libspace           0x2000bee0   Data           0  libspace.o(.bss)
    mem2base                                 0x68000000   Data          32  malloc.o(.ARM.__AT_0x68000000)
    mem2mapbase                              0x68000020   Data           2  malloc.o(.ARM.__AT_0x68000020)



==============================================================================

Memory Map of the image

  Image Entry point : 0x08000131

  Load Region LR_IROM1 (Base: 0x08000000, Size: 0x0001194c, Max: 0x00080000, ABSOLUTE)

    Execution Region ER_IROM1 (Base: 0x08000000, Size: 0x0001188c, Max: 0x00080000, ABSOLUTE)

    Base Addr    Size         Type   Attr      Idx    E Section Name        Object

    0x08000000   0x00000130   Data   RO          541    RESET               startup_stm32f10x_hd.o
    0x08000130   0x00000008   Code   RO         1034  * !!!main             c_w.l(__main.o)
    0x08000138   0x00000034   Code   RO         1258    !!!scatter          c_w.l(__scatter.o)
    0x0800016c   0x0000001a   Code   RO         1260    !!handler_copy      c_w.l(__scatter_copy.o)
    0x08000186   0x00000002   PAD
    0x08000188   0x0000001c   Code   RO         1262    !!handler_zi        c_w.l(__scatter_zi.o)
    0x080001a4   0x00000000   Code   RO         1021    .ARM.Collect$$_printf_percent$$00000000  c_w.l(_printf_percent.o)
    0x080001a4   0x00000006   Code   RO         1019    .ARM.Collect$$_printf_percent$$0000000C  c_w.l(_printf_x.o)
    0x080001aa   0x00000004   Code   RO         1077    .ARM.Collect$$_printf_percent$$00000017  c_w.l(_printf_percent_end.o)
    0x080001ae   0x00000002   Code   RO         1129    .ARM.Collect$$libinit$$00000000  c_w.l(libinit.o)
    0x080001b0   0x00000000   Code   RO         1140    .ARM.Collect$$libinit$$00000002  c_w.l(libinit2.o)
    0x080001b0   0x00000000   Code   RO         1142    .ARM.Collect$$libinit$$00000004  c_w.l(libinit2.o)
    0x080001b0   0x00000000   Code   RO         1145    .ARM.Collect$$libinit$$0000000A  c_w.l(libinit2.o)
    0x080001b0   0x00000000   Code   RO         1147    .ARM.Collect$$libinit$$0000000C  c_w.l(libinit2.o)
    0x080001b0   0x00000000   Code   RO         1149    .ARM.Collect$$libinit$$0000000E  c_w.l(libinit2.o)
    0x080001b0   0x00000000   Code   RO         1152    .ARM.Collect$$libinit$$00000011  c_w.l(libinit2.o)
    0x080001b0   0x00000000   Code   RO         1154    .ARM.Collect$$libinit$$00000013  c_w.l(libinit2.o)
    0x080001b0   0x00000000   Code   RO         1156    .ARM.Collect$$libinit$$00000015  c_w.l(libinit2.o)
    0x080001b0   0x00000000   Code   RO         1158    .ARM.Collect$$libinit$$00000017  c_w.l(libinit2.o)
    0x080001b0   0x00000000   Code   RO         1160    .ARM.Collect$$libinit$$00000019  c_w.l(libinit2.o)
    0x080001b0   0x00000000   Code   RO         1162    .ARM.Collect$$libinit$$0000001B  c_w.l(libinit2.o)
    0x080001b0   0x00000000   Code   RO         1164    .ARM.Collect$$libinit$$0000001D  c_w.l(libinit2.o)
    0x080001b0   0x00000000   Code   RO         1166    .ARM.Collect$$libinit$$0000001F  c_w.l(libinit2.o)
    0x080001b0   0x00000000   Code   RO         1168    .ARM.Collect$$libinit$$00000021  c_w.l(libinit2.o)
    0x080001b0   0x00000000   Code   RO         1170    .ARM.Collect$$libinit$$00000023  c_w.l(libinit2.o)
    0x080001b0   0x00000000   Code   RO         1172    .ARM.Collect$$libinit$$00000025  c_w.l(libinit2.o)
    0x080001b0   0x00000000   Code   RO         1176    .ARM.Collect$$libinit$$0000002C  c_w.l(libinit2.o)
    0x080001b0   0x00000000   Code   RO         1178    .ARM.Collect$$libinit$$0000002E  c_w.l(libinit2.o)
    0x080001b0   0x00000000   Code   RO         1180    .ARM.Collect$$libinit$$00000030  c_w.l(libinit2.o)
    0x080001b0   0x00000000   Code   RO         1182    .ARM.Collect$$libinit$$00000032  c_w.l(libinit2.o)
    0x080001b0   0x00000002   Code   RO         1183    .ARM.Collect$$libinit$$00000033  c_w.l(libinit2.o)
    0x080001b2   0x00000002   Code   RO         1211    .ARM.Collect$$libshutdown$$00000000  c_w.l(libshutdown.o)
    0x080001b4   0x00000000   Code   RO         1226    .ARM.Collect$$libshutdown$$00000003  c_w.l(libshutdown2.o)
    0x080001b4   0x00000000   Code   RO         1229    .ARM.Collect$$libshutdown$$00000006  c_w.l(libshutdown2.o)
    0x080001b4   0x00000000   Code   RO         1232    .ARM.Collect$$libshutdown$$00000009  c_w.l(libshutdown2.o)
    0x080001b4   0x00000000   Code   RO         1234    .ARM.Collect$$libshutdown$$0000000B  c_w.l(libshutdown2.o)
    0x080001b4   0x00000000   Code   RO         1237    .ARM.Collect$$libshutdown$$0000000E  c_w.l(libshutdown2.o)
    0x080001b4   0x00000002   Code   RO         1238    .ARM.Collect$$libshutdown$$0000000F  c_w.l(libshutdown2.o)
    0x080001b6   0x00000000   Code   RO         1068    .ARM.Collect$$rtentry$$00000000  c_w.l(__rtentry.o)
    0x080001b6   0x00000000   Code   RO         1092    .ARM.Collect$$rtentry$$00000002  c_w.l(__rtentry2.o)
    0x080001b6   0x00000006   Code   RO         1104    .ARM.Collect$$rtentry$$00000004  c_w.l(__rtentry4.o)
    0x080001bc   0x00000000   Code   RO         1094    .ARM.Collect$$rtentry$$00000009  c_w.l(__rtentry2.o)
    0x080001bc   0x00000004   Code   RO         1095    .ARM.Collect$$rtentry$$0000000A  c_w.l(__rtentry2.o)
    0x080001c0   0x00000000   Code   RO         1097    .ARM.Collect$$rtentry$$0000000C  c_w.l(__rtentry2.o)
    0x080001c0   0x00000008   Code   RO         1098    .ARM.Collect$$rtentry$$0000000D  c_w.l(__rtentry2.o)
    0x080001c8   0x00000002   Code   RO         1133    .ARM.Collect$$rtexit$$00000000  c_w.l(rtexit.o)
    0x080001ca   0x00000000   Code   RO         1185    .ARM.Collect$$rtexit$$00000002  c_w.l(rtexit2.o)
    0x080001ca   0x00000004   Code   RO         1186    .ARM.Collect$$rtexit$$00000003  c_w.l(rtexit2.o)
    0x080001ce   0x00000006   Code   RO         1187    .ARM.Collect$$rtexit$$00000004  c_w.l(rtexit2.o)
    0x080001d4   0x00000100   Code   RO            1    .text               main.o
    0x080002d4   0x0000001a   Code   RO          175    .text               stm32f10x_it.o
    0x080002ee   0x00000002   PAD
    0x080002f0   0x000001e0   Code   RO          190    .text               system_stm32f10x.o
    0x080004d0   0x0000004c   Code   RO          208    .text               led.o
    0x0800051c   0x00004a56   Code   RO          246    .text               lcd.o
    0x08004f72   0x00000002   PAD
    0x08004f74   0x00000268   Code   RO          273    .text               key.o
    0x080051dc   0x00000108   Code   RO          289    .text               spi.o
    0x080052e4   0x00000258   Code   RO          304    .text               timer.o
    0x0800553c   0x00000068   Code   RO          323    .text               beep.o
    0x080055a4   0x000000d4   Code   RO          338    .text               tools.o
    0x08005678   0x000002d0   Code   RO          353    .text               clock_fuction.o
    0x08005948   0x000002c8   Code   RO          380    .text               display.o
    0x08005c10   0x0000015c   Code   RO          396    .text               exti.o
    0x08005d6c   0x0000046c   Code   RO          415    .text               watch_fuction.o
    0x080061d8   0x00000368   Code   RO          430    .text               w25qxx.o
    0x08006540   0x00001c30   Code   RO          449    .text               sdio_sdcard.o
    0x08008170   0x000000d4   Code   RO          475    .text               delay.o
    0x08008244   0x0000000c   Code   RO          490    .text               sys.o
    0x08008250   0x00000140   Code   RO          506    .text               usart.o
    0x08008390   0x00000040   Code   RO          542    .text               startup_stm32f10x_hd.o
    0x080083d0   0x000000dc   Code   RO          546    .text               misc.o
    0x080084ac   0x0000035c   Code   RO          558    .text               stm32f10x_gpio.o
    0x08008808   0x000003a4   Code   RO          570    .text               stm32f10x_rcc.o
    0x08008bac   0x00000e1a   Code   RO          584    .text               stm32f10x_tim.o
    0x080099c6   0x00000002   PAD
    0x080099c8   0x00000408   Code   RO          596    .text               stm32f10x_usart.o
    0x08009dd0   0x0000011c   Code   RO          608    .text               stm32f10x_exti.o
    0x08009eec   0x00000254   Code   RO          680    .text               stm32f10x_dma.o
    0x0800a140   0x0000060c   Code   RO          704    .text               stm32f10x_fsmc.o
    0x0800a74c   0x000001d4   Code   RO          752    .text               stm32f10x_sdio.o
    0x0800a920   0x0000030c   Code   RO          776    .text               stm32f10x_spi.o
    0x0800ac2c   0x000005d0   Code   RO          788    .text               fontupd.o
    0x0800b1fc   0x000002d4   Code   RO          823    .text               text.o
    0x0800b4d0   0x0000022c   Code   RO          835    .text               malloc.o
    0x0800b6fc   0x000001a8   Code   RO          857    .text               exfuns.o
    0x0800b8a4   0x000000cc   Code   RO          881    .text               mycc936.o
    0x0800b970   0x000032e4   Code   RO          894    .text               ff.o
    0x0800ec54   0x00000200   Code   RO          915    .text               diskio.o
    0x0800ee54   0x00000002   Code   RO          962    .text               c_w.l(use_no_semi_2.o)
    0x0800ee56   0x00000048   Code   RO          964    .text               c_w.l(llsdiv.o)
    0x0800ee9e   0x00000002   PAD
    0x0800eea0   0x00000018   Code   RO          968    .text               c_w.l(noretval__2printf.o)
    0x0800eeb8   0x00000068   Code   RO          970    .text               c_w.l(__printf.o)
    0x0800ef20   0x00000058   Code   RO          979    .text               c_w.l(_printf_hex_int.o)
    0x0800ef78   0x00000048   Code   RO         1022    .text               c_w.l(strcpy.o)
    0x0800efc0   0x0000003e   Code   RO         1024    .text               c_w.l(strlen.o)
    0x0800effe   0x00000018   Code   RO         1026    .text               c_w.l(strcat.o)
    0x0800f016   0x0000008a   Code   RO         1028    .text               c_w.l(rt_memcpy_v6.o)
    0x0800f0a0   0x00000080   Code   RO         1030    .text               c_w.l(strcmpv7m.o)
    0x0800f120   0x00000006   Code   RO         1032    .text               c_w.l(heapauxi.o)
    0x0800f126   0x00000002   Code   RO         1066    .text               c_w.l(use_no_semi.o)
    0x0800f128   0x000000ee   Code   RO         1069    .text               c_w.l(lludivv7m.o)
    0x0800f216   0x000000b2   Code   RO         1071    .text               c_w.l(_printf_intcommon.o)
    0x0800f2c8   0x00000024   Code   RO         1075    .text               c_w.l(_printf_char_file.o)
    0x0800f2ec   0x00000064   Code   RO         1078    .text               c_w.l(rt_memcpy_w.o)
    0x0800f350   0x00000030   Code   RO         1110    .text               c_w.l(_printf_char_common.o)
    0x0800f380   0x00000008   Code   RO         1112    .text               c_w.l(ferror.o)
    0x0800f388   0x0000004a   Code   RO         1116    .text               c_w.l(sys_stackheap_outer.o)
    0x0800f3d2   0x0000000c   Code   RO         1122    .text               c_w.l(exit.o)
    0x0800f3de   0x00000002   PAD
    0x0800f3e0   0x00000008   Code   RO         1130    .text               c_w.l(libspace.o)
    0x0800f3e8   0x0000005a   Code   RO         1036    x$fpl$dfixu         fz_ws.l(dfixu.o)
    0x0800f442   0x00000026   Code   RO         1040    x$fpl$dfltu         fz_ws.l(dflt_clz.o)
    0x0800f468   0x00000154   Code   RO         1046    x$fpl$dmul          fz_ws.l(dmul.o)
    0x0800f5bc   0x0000009c   Code   RO         1080    x$fpl$dnaninf       fz_ws.l(dnaninf.o)
    0x0800f658   0x0000000c   Code   RO         1082    x$fpl$dretinf       fz_ws.l(dretinf.o)
    0x0800f664   0x00000018   Code   RO         1084    x$fpl$fcmpinf       fz_ws.l(fcmpi.o)
    0x0800f67c   0x00000184   Code   RO         1049    x$fpl$fdiv          fz_ws.l(fdiv.o)
    0x0800f800   0x00000068   Code   RO         1052    x$fpl$feqf          fz_ws.l(feqf.o)
    0x0800f868   0x0000003e   Code   RO         1054    x$fpl$ffixu         fz_ws.l(ffixu.o)
    0x0800f8a6   0x00000002   PAD
    0x0800f8a8   0x00000026   Code   RO         1058    x$fpl$ffltu         fz_ws.l(fflt_clz.o)
    0x0800f8ce   0x00000002   PAD
    0x0800f8d0   0x00000102   Code   RO         1064    x$fpl$fmul          fz_ws.l(fmul.o)
    0x0800f9d2   0x0000008c   Code   RO         1086    x$fpl$fnaninf       fz_ws.l(fnaninf.o)
    0x0800fa5e   0x0000000a   Code   RO         1088    x$fpl$fretinf       fz_ws.l(fretinf.o)
    0x0800fa68   0x00000000   Code   RO         1090    x$fpl$usenofp       fz_ws.l(usenofp.o)
    0x0800fa68   0x000017c0   Data   RO          248    .constdata          lcd.o
    0x08011228   0x00000010   Data   RO          790    .constdata          fontupd.o
    0x08011238   0x00000018   Data   RO          839    .constdata          malloc.o
    0x08011250   0x00000138   Data   RO          859    .constdata          exfuns.o
    0x08011388   0x000003c0   Data   RO          882    .constdata          mycc936.o
    0x08011748   0x0000003a   Data   RO          895    .constdata          ff.o
    0x08011782   0x00000028   Data   RO          980    .constdata          c_w.l(_printf_hex_int.o)
    0x080117aa   0x00000002   PAD
    0x080117ac   0x0000005f   Data   RO          791    .conststring        fontupd.o
    0x0801180b   0x00000001   PAD
    0x0801180c   0x00000060   Data   RO          860    .conststring        exfuns.o
    0x0801186c   0x00000020   Data   RO         1256    Region$$Table       anon$$obj.o


    Execution Region RW_IRAM1 (Base: 0x20000000, Size: 0x0000c4e0, Max: 0x00010000, ABSOLUTE)

    Base Addr    Size         Type   Attr      Idx    E Section Name        Object

    0x20000000   0x00000001   Data   RW            2    .data               main.o
    0x20000001   0x00000003   PAD
    0x20000004   0x00000014   Data   RW          191    .data               system_stm32f10x.o
    0x20000018   0x00000004   Data   RW          249    .data               lcd.o
    0x2000001c   0x00000006   Data   RW          274    .data               key.o
    0x20000022   0x00000003   Data   RW          324    .data               beep.o
    0x20000025   0x00000002   Data   RW          354    .data               clock_fuction.o
    0x20000027   0x00000013   Data   RW          381    .data               display.o
    0x2000003a   0x0000000f   Data   RW          416    .data               watch_fuction.o
    0x20000049   0x00000001   PAD
    0x2000004a   0x00000002   Data   RW          432    .data               w25qxx.o
    0x2000004c   0x00000010   Data   RW          451    .data               sdio_sdcard.o
    0x2000005c   0x00000004   Data   RW          476    .data               delay.o
    0x20000060   0x00000006   Data   RW          508    .data               usart.o
    0x20000066   0x00000014   Data   RW          571    .data               stm32f10x_rcc.o
    0x2000007a   0x00000002   PAD
    0x2000007c   0x0000001c   Data   RW          840    .data               malloc.o
    0x20000098   0x0000001c   Data   RW          861    .data               exfuns.o
    0x200000b4   0x0000000a   Data   RW          896    .data               ff.o
    0x200000be   0x00000002   Data   RW          916    .data               diskio.o
    0x200000c0   0x0000000e   Zero   RW          247    .bss                lcd.o
    0x200000ce   0x00001000   Zero   RW          431    .bss                w25qxx.o
    0x200010ce   0x00000002   PAD
    0x200010d0   0x000002c0   Zero   RW          450    .bss                sdio_sdcard.o
    0x20001390   0x000000c8   Zero   RW          507    .bss                usart.o
    0x20001458   0x00000021   Zero   RW          789    .bss                fontupd.o
    0x20001479   0x00000007   PAD
    0x20001480   0x0000aa00   Zero   RW          838    .bss                malloc.o
    0x2000be80   0x00000060   Zero   RW         1131    .bss                c_w.l(libspace.o)
    0x2000bee0   0x00000200   Zero   RW          540    HEAP                startup_stm32f10x_hd.o
    0x2000c0e0   0x00000400   Zero   RW          539    STACK               startup_stm32f10x_hd.o



  Load Region LR$$.ARM.__AT_0x68000000 (Base: 0x68000000, Size: 0x00000000, Max: 0x00000020, ABSOLUTE)

    Execution Region ER$$.ARM.__AT_0x68000000 (Base: 0x68000000, Size: 0x00000020, Max: 0x00000020, ABSOLUTE, UNINIT)

    Base Addr    Size         Type   Attr      Idx    E Section Name        Object

    0x68000000   0x00000020   Zero   RW          836    .ARM.__AT_0x68000000  malloc.o



  Load Region LR$$.ARM.__AT_0x68000020 (Base: 0x68000020, Size: 0x00000000, Max: 0x00000004, ABSOLUTE)

    Execution Region ER$$.ARM.__AT_0x68000020 (Base: 0x68000020, Size: 0x00000004, Max: 0x00000004, ABSOLUTE, UNINIT)

    Base Addr    Size         Type   Attr      Idx    E Section Name        Object

    0x68000020   0x00000002   Zero   RW          837    .ARM.__AT_0x68000020  malloc.o


==============================================================================

Image component sizes


      Code (inc. data)   RO Data    RW Data    ZI Data      Debug   Object Name

       104         16          0          3          0        997   beep.o
       720         80          0          2          0       1934   clock_fuction.o
       212         18          0          4          0       1007   delay.o
       512          8          0          2          0       3378   diskio.o
       712        122          0         19          0       2177   display.o
       424         22        408         28          0       2668   exfuns.o
       348         22          0          0          0       1032   exti.o
     13028        144         58         10          0      35262   ff.o
      1488        158        111          0         33       6676   fontupd.o
       616         32          0          6          0       1295   key.o
     19030        162       6080          4         14      21682   lcd.o
        76          8          0          0          0     207419   led.o
       256         38          0          1          0     286178   main.o
       556         18         24         28      43554       4504   malloc.o
       220         22          0          0          0       1785   misc.o
       204         12        960          0          0       1569   mycc936.o
      7216        256          0         16        704      24384   sdio_sdcard.o
       264         10          0          0          0       1089   spi.o
        64         26        304          0       1536        788   startup_stm32f10x_hd.o
       596          8          0          0          0       4314   stm32f10x_dma.o
       284         10          0          0          0       2215   stm32f10x_exti.o
      1548         18          0          0          0       5331   stm32f10x_fsmc.o
       860         38          0          0          0       5629   stm32f10x_gpio.o
        26          0          0          0          0       1174   stm32f10x_it.o
       932         36          0         20          0       8792   stm32f10x_rcc.o
       468         22          0          0          0       7072   stm32f10x_sdio.o
       780         14          0          0          0       6510   stm32f10x_spi.o
      3610         88          0          0          0      22112   stm32f10x_tim.o
      1032         22          0          0          0       8356   stm32f10x_usart.o
        12          0          0          0          0        607   sys.o
       480         38          0         20          0       1719   system_stm32f10x.o
       724         16          0          0          0       2944   text.o
       600         36          0          0          0       2134   timer.o
       212          0          0          0          0       1703   tools.o
       320         16          0          6        200       3126   usart.o
       872         30          0          2       4096       4301   w25qxx.o
      1132        104          0         15          0       3130   watch_fuction.o

    ----------------------------------------------------------------------
     60544       1670       7978        192      50148     696993   Object Totals
         0          0         32          0          0          0   (incl. Generated)
         6          0          1          6         11          0   (incl. Padding)

    ----------------------------------------------------------------------

      Code (inc. data)   RO Data    RW Data    ZI Data      Debug   Library Member Name

         8          0          0          0          0         68   __main.o
       104          0          0          0          0         84   __printf.o
         0          0          0          0          0          0   __rtentry.o
        12          0          0          0          0          0   __rtentry2.o
         6          0          0          0          0          0   __rtentry4.o
        52          8          0          0          0          0   __scatter.o
        26          0          0          0          0          0   __scatter_copy.o
        28          0          0          0          0          0   __scatter_zi.o
        48          6          0          0          0         96   _printf_char_common.o
        36          4          0          0          0         80   _printf_char_file.o
        88          4         40          0          0         88   _printf_hex_int.o
       178          0          0          0          0         88   _printf_intcommon.o
         0          0          0          0          0          0   _printf_percent.o
         4          0          0          0          0          0   _printf_percent_end.o
         6          0          0          0          0          0   _printf_x.o
        12          0          0          0          0         72   exit.o
         8          0          0          0          0         68   ferror.o
         6          0          0          0          0        152   heapauxi.o
         2          0          0          0          0          0   libinit.o
         2          0          0          0          0          0   libinit2.o
         2          0          0          0          0          0   libshutdown.o
         2          0          0          0          0          0   libshutdown2.o
         8          4          0          0         96         68   libspace.o
        72          0          0          0          0         76   llsdiv.o
       238          0          0          0          0        100   lludivv7m.o
        24          4          0          0          0         84   noretval__2printf.o
       138          0          0          0          0         68   rt_memcpy_v6.o
       100          0          0          0          0         80   rt_memcpy_w.o
         2          0          0          0          0          0   rtexit.o
        10          0          0          0          0          0   rtexit2.o
        24          0          0          0          0         68   strcat.o
       128          0          0          0          0         68   strcmpv7m.o
        72          0          0          0          0         80   strcpy.o
        62          0          0          0          0         76   strlen.o
        74          0          0          0          0         80   sys_stackheap_outer.o
         2          0          0          0          0         68   use_no_semi.o
         2          0          0          0          0         68   use_no_semi_2.o
        90          4          0          0          0         92   dfixu.o
        38          0          0          0          0         68   dflt_clz.o
       340         12          0          0          0        104   dmul.o
       156          4          0          0          0         92   dnaninf.o
        12          0          0          0          0         68   dretinf.o
        24          0          0          0          0         68   fcmpi.o
       388         76          0          0          0         96   fdiv.o
       104          4          0          0          0         84   feqf.o
        62          4          0          0          0         84   ffixu.o
        38          0          0          0          0         68   fflt_clz.o
       258          4          0          0          0         84   fmul.o
       140          4          0          0          0         84   fnaninf.o
        10          0          0          0          0         68   fretinf.o
         0          0          0          0          0          0   usenofp.o

    ----------------------------------------------------------------------
      3256        142         42          0         96       2840   Library Totals
        10          0          2          0          0          0   (incl. Padding)

    ----------------------------------------------------------------------

      Code (inc. data)   RO Data    RW Data    ZI Data      Debug   Library Name

      1586         30         40          0         96       1780   c_w.l
      1660        112          0          0          0       1060   fz_ws.l

    ----------------------------------------------------------------------
      3256        142         42          0         96       2840   Library Totals

    ----------------------------------------------------------------------

==============================================================================


      Code (inc. data)   RO Data    RW Data    ZI Data      Debug   

     63800       1812       8020        192      50244     694889   Grand Totals
     63800       1812       8020        192      50244     694889   ELF Image Totals
     63800       1812       8020        192          0          0   ROM Totals

==============================================================================

    Total RO  Size (Code + RO Data)                71820 (  70.14kB)
    Total RW  Size (RW Data + ZI Data)             50436 (  49.25kB)
    Total ROM Size (Code + RO Data + RW Data)      72012 (  70.32kB)

==============================================================================

